<html>
<body>
<pre>
<h1>礦ision Build Log</h1>
<h2>Tool Versions:</h2>
IDE-Version: μVision V5.36.0.0
Copyright (C) 2021 ARM Ltd and ARM Germany GmbH. All rights reserved.
License Information: Teseng C, SDZXC, LIC=EXJT4-F9VDZ-WF8I7-E8TSC-CTL57-A83RL
 
Tool Versions:
Toolchain:       MDK-ARM Plus  Version: 5.36.0.0
Toolchain Path:  E:\MDK5\ARM\ARMCC\Bin
C Compiler:      Armcc.exe V5.06 update 7 (build 960)
Assembler:       Armasm.exe V5.06 update 7 (build 960)
Linker/Locator:  ArmLink.exe V5.06 update 7 (build 960)
Library Manager: ArmAr.exe V5.06 update 7 (build 960)
Hex Converter:   FromElf.exe V5.06 update 7 (build 960)
CPU DLL:         SARMCM3.DLL V5.36.0.0
Dialog DLL:      DCM.DLL V1.17.3.0
Target DLL:      STLink\ST-LINKIII-KEIL_SWO.dll V3.0.9.0
Dialog DLL:      TCM.DLL V1.53.0.0
 
<h2>Project:</h2>
C:\Users\94807\Desktop\arm\Driver ucos fianal\实验56 UCOSII实验1-1-任务调度\USER\UCOS-1.uvprojx
Project File Date:  04/19/2025

<h2>Output:</h2>
*** Using Compiler 'V5.06 update 7 (build 960)', folder: 'E:\MDK5\ARM\ARMCC\Bin'
Rebuild target 'UCOS-1'
assembling startup_stm32f40_41xxx.s...
compiling stm32f4xx_it.c...
compiling stm32f4xx_gpio.c...
compiling misc.c...
compiling usart.c...
compiling key.c...
..\HARDWARE\KEY\key.h(43): warning:  #1295-D: Deprecated declaration PressKeyTime - give arg types
  INT8U PressKeyTime();
..\HARDWARE\KEY\key.c: 1 warning, 0 errors
compiling main.c...
..\HARDWARE\KEY\key.h(43): warning:  #1295-D: Deprecated declaration PressKeyTime - give arg types
  INT8U PressKeyTime();
..\HARDWARE\EXTI\exti.h(18): warning:  #47-D: incompatible redefinition of macro "LONG_PRESS_THRESHOLD"  (declared at line 35 of "..\HARDWARE\KEY\key.h")
  #define LONG_PRESS_THRESHOLD  500  // 长按阈值，500ms
..\HARDWARE\DAC\dac.h(21): warning:  #1-D: last line of file ends without a newline
  #endif /* __DAC_H */
main.c(144): warning:  #177-D: variable "err"  was declared but never referenced
      INT8U err;
main.c: 4 warnings, 0 errors
compiling sys.c...
compiling dac.c...
..\HARDWARE\DAC\dac.h(21): warning:  #1-D: last line of file ends without a newline
  #endif /* __DAC_H */
..\HARDWARE\DAC\dac.c(77): warning:  #1-D: last line of file ends without a newline
  }
..\HARDWARE\DAC\dac.c: 2 warnings, 0 errors
compiling adc.c...
compiling delay.c...
compiling timer.c...
compiling system_stm32f4xx.c...
compiling stm32f4xx_rcc.c...
compiling exti.c...
..\HARDWARE\KEY\key.h(35): warning:  #47-D: incompatible redefinition of macro "LONG_PRESS_THRESHOLD"  (declared at line 18 of "..\HARDWARE\EXTI\exti.h")
  #define LONG_PRESS_THRESHOLD  100  // 长按阈值(100 ticks = 1s)
..\HARDWARE\KEY\key.h(43): warning:  #1295-D: Deprecated declaration PressKeyTime - give arg types
  INT8U PressKeyTime();
..\HARDWARE\EXTI\exti.c: 2 warnings, 0 errors
compiling stm32f4xx_syscfg.c...
compiling stm32f4xx_usart.c...
compiling stm32f4xx_exti.c...
compiling stm32f4xx_adc.c...
compiling stm32f4xx_tim.c...
compiling stm32f4xx_dac.c...
assembling os_cpu_a.asm...
compiling os_core.c...
compiling os_flag.c...
compiling os_mem.c...
compiling os_mutex.c...
compiling os_sem.c...
compiling os_q.c...
compiling os_mbox.c...
compiling os_task.c...
compiling os_time.c...
compiling os_tmr.c...
compiling os_cpu_c.c...
linking...
Program Size: Code=20698 RO-data=682 RW-data=136 ZI-data=6056  
FromELF: creating hex file...
"..\OBJ\UCOS-1.axf" - 0 Error(s), 9 Warning(s).

<h2>Software Packages used:</h2>

Package Vendor: Keil
                https://www.keil.com/pack/Keil.STM32F4xx_DFP.3.0.0.pack
                Keil.STM32F4xx_DFP.3.0.0
                STMicroelectronics STM32F4 Series Device Support

<h2>Collection of Component include folders:</h2>

<h2>Collection of Component Files used:</h2>
Build Time Elapsed:  00:00:02
</pre>
</body>
</html>
