Component: ARM Compiler 5.06 update 7 (build 960) Tool: armlink [4d3601]

==============================================================================

Section Cross References

    main.o(.text) refers to stm32f4xx_usart.o(.text) for USART_GetFlagStatus
    main.o(.text) refers to os_sem.o(.text) for OSSemPend
    main.o(.text) refers to adc.o(.text) for Get_Adc
    main.o(.text) refers to os_time.o(.text) for OSTimeGet
    main.o(.text) refers to stm32f4xx_gpio.o(.text) for GPIO_ReadInputDataBit
    main.o(.text) refers to delay.o(.text) for delay_init
    main.o(.text) refers to usart.o(.text) for uart_init
    main.o(.text) refers to timer.o(.text) for TIM3_Int_Init
    main.o(.text) refers to exti.o(.text) for EXTIX_Init
    main.o(.text) refers to key.o(.text) for KEY_Init
    main.o(.text) refers to os_core.o(.text) for OSInit
    main.o(.text) refers to os_cpu_a.o(.text) for OS_CPU_SR_Save
    main.o(.text) refers to os_task.o(.text) for OSTaskCreate
    main.o(.text) refers to main.o(.data) for TSem
    main.o(.text) refers to main.o(.bss) for ProcessTaskStk
    system_stm32f4xx.o(.text) refers to system_stm32f4xx.o(.data) for SystemCoreClock
    exti.o(.text) refers to stm32f4xx_exti.o(.text) for EXTI_GetITStatus
    exti.o(.text) refers to os_sem.o(.text) for OSSemPost
    exti.o(.text) refers to key.o(.text) for KEY_Init
    exti.o(.text) refers to stm32f4xx_rcc.o(.text) for RCC_APB2PeriphClockCmd
    exti.o(.text) refers to stm32f4xx_syscfg.o(.text) for SYSCFG_EXTILineConfig
    exti.o(.text) refers to misc.o(.text) for NVIC_Init
    exti.o(.text) refers to main.o(.data) for PSem
    key.o(.text) refers to stm32f4xx_rcc.o(.text) for RCC_AHB1PeriphClockCmd
    key.o(.text) refers to stm32f4xx_gpio.o(.text) for GPIO_Init
    timer.o(.text) refers to stm32f4xx_rcc.o(.text) for RCC_APB1PeriphClockCmd
    timer.o(.text) refers to stm32f4xx_tim.o(.text) for TIM_TimeBaseInit
    timer.o(.text) refers to misc.o(.text) for NVIC_Init
    timer.o(.text) refers to os_sem.o(.text) for OSSemPost
    timer.o(.text) refers to main.o(.data) for TSem
    adc.o(.text) refers to stm32f4xx_rcc.o(.text) for RCC_AHB1PeriphClockCmd
    adc.o(.text) refers to stm32f4xx_gpio.o(.text) for GPIO_Init
    adc.o(.text) refers to stm32f4xx_adc.o(.text) for ADC_CommonInit
    adc.o(.text) refers to delay.o(.text) for delay_ms
    dac.o(.text) refers to stm32f4xx_rcc.o(.text) for RCC_AHB1PeriphClockCmd
    dac.o(.text) refers to stm32f4xx_gpio.o(.text) for GPIO_Init
    dac.o(.text) refers to stm32f4xx_dac.o(.text) for DAC_Init
    delay.o(.text) refers to os_core.o(.text) for OSSchedLock
    delay.o(.text) refers to os_time.o(.text) for OSTimeDly
    delay.o(.text) refers to misc.o(.text) for SysTick_CLKSourceConfig
    delay.o(.text) refers to os_core.o(.data) for OSRunning
    delay.o(.text) refers to delay.o(.data) for fac_us
    usart.o(.rev16_text) refers (Special) to use_no_semi_2.o(.text) for __use_no_semihosting
    usart.o(.revsh_text) refers (Special) to use_no_semi_2.o(.text) for __use_no_semihosting
    usart.o(.text) refers (Special) to use_no_semi_2.o(.text) for __use_no_semihosting
    usart.o(.text) refers to stm32f4xx_rcc.o(.text) for RCC_AHB1PeriphClockCmd
    usart.o(.text) refers to stm32f4xx_gpio.o(.text) for GPIO_PinAFConfig
    usart.o(.text) refers to stm32f4xx_usart.o(.text) for USART_Init
    usart.o(.text) refers to misc.o(.text) for NVIC_Init
    usart.o(.text) refers to os_core.o(.text) for OSIntEnter
    usart.o(.text) refers to usart.o(.data) for USART_RX_STA
    usart.o(.text) refers to usart.o(.bss) for USART_RX_BUF
    usart.o(.bss) refers (Special) to use_no_semi_2.o(.text) for __use_no_semihosting
    usart.o(.data) refers (Special) to use_no_semi_2.o(.text) for __use_no_semihosting
    startup_stm32f40_41xxx.o(STACK) refers (Special) to heapauxi.o(.text) for __use_two_region_memory
    startup_stm32f40_41xxx.o(HEAP) refers (Special) to heapauxi.o(.text) for __use_two_region_memory
    startup_stm32f40_41xxx.o(RESET) refers (Special) to heapauxi.o(.text) for __use_two_region_memory
    startup_stm32f40_41xxx.o(RESET) refers to startup_stm32f40_41xxx.o(STACK) for __initial_sp
    startup_stm32f40_41xxx.o(RESET) refers to startup_stm32f40_41xxx.o(.text) for Reset_Handler
    startup_stm32f40_41xxx.o(RESET) refers to stm32f4xx_it.o(.text) for NMI_Handler
    startup_stm32f40_41xxx.o(RESET) refers to os_cpu_a.o(.text) for PendSV_Handler
    startup_stm32f40_41xxx.o(RESET) refers to delay.o(.text) for SysTick_Handler
    startup_stm32f40_41xxx.o(RESET) refers to exti.o(.text) for EXTI4_IRQHandler
    startup_stm32f40_41xxx.o(RESET) refers to timer.o(.text) for TIM3_IRQHandler
    startup_stm32f40_41xxx.o(RESET) refers to usart.o(.text) for USART1_IRQHandler
    startup_stm32f40_41xxx.o(.text) refers (Special) to heapauxi.o(.text) for __use_two_region_memory
    startup_stm32f40_41xxx.o(.text) refers to system_stm32f4xx.o(.text) for SystemInit
[...]
    ../clib/signal.c                         0x00000000   Number         0  defsig_pvfn_inner.o ABSOLUTE
    ../clib/signal.c                         0x00000000   Number         0  defsig_stak_inner.o ABSOLUTE
    ../clib/signal.s                         0x00000000   Number         0  defsig.o ABSOLUTE
    ../clib/stdlib.c                         0x00000000   Number         0  exit.o ABSOLUTE
    ../fplib/fpinit.s                        0x00000000   Number         0  fpinit.o ABSOLUTE
    ..\CORE\startup_stm32f40_41xxx.s         0x00000000   Number         0  startup_stm32f40_41xxx.o ABSOLUTE
    ..\FWLIB\src\misc.c                      0x00000000   Number         0  misc.o ABSOLUTE
    ..\FWLIB\src\stm32f4xx_adc.c             0x00000000   Number         0  stm32f4xx_adc.o ABSOLUTE
    ..\FWLIB\src\stm32f4xx_dac.c             0x00000000   Number         0  stm32f4xx_dac.o ABSOLUTE
    ..\FWLIB\src\stm32f4xx_exti.c            0x00000000   Number         0  stm32f4xx_exti.o ABSOLUTE
    ..\FWLIB\src\stm32f4xx_gpio.c            0x00000000   Number         0  stm32f4xx_gpio.o ABSOLUTE
    ..\FWLIB\src\stm32f4xx_rcc.c             0x00000000   Number         0  stm32f4xx_rcc.o ABSOLUTE
    ..\FWLIB\src\stm32f4xx_syscfg.c          0x00000000   Number         0  stm32f4xx_syscfg.o ABSOLUTE
    ..\FWLIB\src\stm32f4xx_tim.c             0x00000000   Number         0  stm32f4xx_tim.o ABSOLUTE
    ..\FWLIB\src\stm32f4xx_usart.c           0x00000000   Number         0  stm32f4xx_usart.o ABSOLUTE
    ..\HARDWARE\ADC\adc.c                    0x00000000   Number         0  adc.o ABSOLUTE
    ..\HARDWARE\DAC\dac.c                    0x00000000   Number         0  dac.o ABSOLUTE
    ..\HARDWARE\EXTI\exti.c                  0x00000000   Number         0  exti.o ABSOLUTE
    ..\HARDWARE\KEY\key.c                    0x00000000   Number         0  key.o ABSOLUTE
    ..\HARDWARE\TIMER\timer.c                0x00000000   Number         0  timer.o ABSOLUTE
    ..\SYSTEM\delay\delay.c                  0x00000000   Number         0  delay.o ABSOLUTE
    ..\SYSTEM\sys\sys.c                      0x00000000   Number         0  sys.o ABSOLUTE
    ..\SYSTEM\usart\usart.c                  0x00000000   Number         0  usart.o ABSOLUTE
    ..\UCOSII\CORE\os_core.c                 0x00000000   Number         0  os_core.o ABSOLUTE
    ..\UCOSII\CORE\os_flag.c                 0x00000000   Number         0  os_flag.o ABSOLUTE
    ..\UCOSII\CORE\os_mbox.c                 0x00000000   Number         0  os_mbox.o ABSOLUTE
    ..\UCOSII\CORE\os_mem.c                  0x00000000   Number         0  os_mem.o ABSOLUTE
    ..\UCOSII\CORE\os_mutex.c                0x00000000   Number         0  os_mutex.o ABSOLUTE
    ..\UCOSII\CORE\os_q.c                    0x00000000   Number         0  os_q.o ABSOLUTE
    ..\UCOSII\CORE\os_sem.c                  0x00000000   Number         0  os_sem.o ABSOLUTE
    ..\UCOSII\CORE\os_task.c                 0x00000000   Number         0  os_task.o ABSOLUTE
    ..\UCOSII\CORE\os_time.c                 0x00000000   Number         0  os_time.o ABSOLUTE
    ..\UCOSII\CORE\os_tmr.c                  0x00000000   Number         0  os_tmr.o ABSOLUTE
    ..\UCOSII\PORT\os_cpu_a.asm              0x00000000   Number         0  os_cpu_a.o ABSOLUTE
    ..\UCOSII\PORT\os_cpu_c.c                0x00000000   Number         0  os_cpu_c.o ABSOLUTE
    ..\\FWLIB\\src\\misc.c                   0x00000000   Number         0  misc.o ABSOLUTE
    ..\\FWLIB\\src\\stm32f4xx_adc.c          0x00000000   Number         0  stm32f4xx_adc.o ABSOLUTE
    ..\\FWLIB\\src\\stm32f4xx_dac.c          0x00000000   Number         0  stm32f4xx_dac.o ABSOLUTE
    ..\\FWLIB\\src\\stm32f4xx_exti.c         0x00000000   Number         0  stm32f4xx_exti.o ABSOLUTE
    ..\\FWLIB\\src\\stm32f4xx_gpio.c         0x00000000   Number         0  stm32f4xx_gpio.o ABSOLUTE
    ..\\FWLIB\\src\\stm32f4xx_rcc.c          0x00000000   Number         0  stm32f4xx_rcc.o ABSOLUTE
    ..\\FWLIB\\src\\stm32f4xx_syscfg.c       0x00000000   Number         0  stm32f4xx_syscfg.o ABSOLUTE
    ..\\FWLIB\\src\\stm32f4xx_tim.c          0x00000000   Number         0  stm32f4xx_tim.o ABSOLUTE
    ..\\FWLIB\\src\\stm32f4xx_usart.c        0x00000000   Number         0  stm32f4xx_usart.o ABSOLUTE
    ..\\HARDWARE\\ADC\\adc.c                 0x00000000   Number         0  adc.o ABSOLUTE
    ..\\HARDWARE\\DAC\\dac.c                 0x00000000   Number         0  dac.o ABSOLUTE
    ..\\HARDWARE\\EXTI\\exti.c               0x00000000   Number         0  exti.o ABSOLUTE
    ..\\HARDWARE\\KEY\\key.c                 0x00000000   Number         0  key.o ABSOLUTE
    ..\\HARDWARE\\TIMER\\timer.c             0x00000000   Number         0  timer.o ABSOLUTE
    ..\\SYSTEM\\delay\\delay.c               0x00000000   Number         0  delay.o ABSOLUTE
    ..\\SYSTEM\\sys\\sys.c                   0x00000000   Number         0  sys.o ABSOLUTE
    ..\\SYSTEM\\usart\\usart.c               0x00000000   Number         0  usart.o ABSOLUTE
    ..\\UCOSII\\CORE\\os_core.c              0x00000000   Number         0  os_core.o ABSOLUTE
    ..\\UCOSII\\CORE\\os_flag.c              0x00000000   Number         0  os_flag.o ABSOLUTE
    ..\\UCOSII\\CORE\\os_mbox.c              0x00000000   Number         0  os_mbox.o ABSOLUTE
    ..\\UCOSII\\CORE\\os_mem.c               0x00000000   Number         0  os_mem.o ABSOLUTE
    ..\\UCOSII\\CORE\\os_mutex.c             0x00000000   Number         0  os_mutex.o ABSOLUTE
    ..\\UCOSII\\CORE\\os_q.c                 0x00000000   Number         0  os_q.o ABSOLUTE
    ..\\UCOSII\\CORE\\os_sem.c               0x00000000   Number         0  os_sem.o ABSOLUTE
    ..\\UCOSII\\CORE\\os_task.c              0x00000000   Number         0  os_task.o ABSOLUTE
    ..\\UCOSII\\CORE\\os_time.c              0x00000000   Number         0  os_time.o ABSOLUTE
    ..\\UCOSII\\CORE\\os_tmr.c               0x00000000   Number         0  os_tmr.o ABSOLUTE
    ..\\UCOSII\\PORT\\os_cpu_c.c             0x00000000   Number         0  os_cpu_c.o ABSOLUTE
    dc.s                                     0x00000000   Number         0  dc.o ABSOLUTE
    main.c                                   0x00000000   Number         0  main.o ABSOLUTE
    main.c                                   0x00000000   Number         0  main.o ABSOLUTE
    stm32f4xx_it.c                           0x00000000   Number         0  stm32f4xx_it.o ABSOLUTE
    stm32f4xx_it.c                           0x00000000   Number         0  stm32f4xx_it.o ABSOLUTE
    system_stm32f4xx.c                       0x00000000   Number         0  system_stm32f4xx.o ABSOLUTE
    system_stm32f4xx.c                       0x00000000   Number         0  system_stm32f4xx.o ABSOLUTE
    RESET                                    0x08000000   Section      392  startup_stm32f40_41xxx.o(RESET)
    !!!main                                  0x08000188   Section        8  __main.o(!!!main)
    !!!scatter                               0x08000190   Section       52  __scatter.o(!!!scatter)
    !!handler_copy                           0x080001c4   Section       26  __scatter_copy.o(!!handler_copy)
    !!handler_zi                             0x080001e0   Section       28  __scatter_zi.o(!!handler_zi)
    .ARM.Collect$$libinit$$00000000          0x080001fc   Section        2  libinit.o(.ARM.Collect$$libinit$$00000000)
    .ARM.Collect$$libinit$$00000001          0x080001fe   Section        4  libinit2.o(.ARM.Collect$$libinit$$00000001)
    .ARM.Collect$$libinit$$00000004          0x08000202   Section        0  libinit2.o(.ARM.Collect$$libinit$$00000004)
    .ARM.Collect$$libinit$$0000000A          0x08000202   Section        0  libinit2.o(.ARM.Collect$$libinit$$0000000A)
    .ARM.Collect$$libinit$$0000000C          0x08000202   Section        0  libinit2.o(.ARM.Collect$$libinit$$0000000C)
    .ARM.Collect$$libinit$$0000000E          0x08000202   Section        0  libinit2.o(.ARM.Collect$$libinit$$0000000E)
    .ARM.Collect$$libinit$$00000011          0x08000202   Section        0  libinit2.o(.ARM.Collect$$libinit$$00000011)
    .ARM.Collect$$libinit$$00000013          0x08000202   Section        0  libinit2.o(.ARM.Collect$$libinit$$00000013)
    .ARM.Collect$$libinit$$00000015          0x08000202   Section        0  libinit2.o(.ARM.Collect$$libinit$$00000015)
    .ARM.Collect$$libinit$$00000017          0x08000202   Section        0  libinit2.o(.ARM.Collect$$libinit$$00000017)
    .ARM.Collect$$libinit$$00000019          0x08000202   Section        0  libinit2.o(.ARM.Collect$$libinit$$00000019)
    .ARM.Collect$$libinit$$0000001B          0x08000202   Section        0  libinit2.o(.ARM.Collect$$libinit$$0000001B)
    .ARM.Collect$$libinit$$0000001D          0x08000202   Section        0  libinit2.o(.ARM.Collect$$libinit$$0000001D)
    .ARM.Collect$$libinit$$0000001F          0x08000202   Section        0  libinit2.o(.ARM.Collect$$libinit$$0000001F)
    .ARM.Collect$$libinit$$00000021          0x08000202   Section        0  libinit2.o(.ARM.Collect$$libinit$$00000021)
    .ARM.Collect$$libinit$$00000023          0x08000202   Section        0  libinit2.o(.ARM.Collect$$libinit$$00000023)
    .ARM.Collect$$libinit$$00000025          0x08000202   Section        0  libinit2.o(.ARM.Collect$$libinit$$00000025)
    .ARM.Collect$$libinit$$0000002C          0x08000202   Section        0  libinit2.o(.ARM.Collect$$libinit$$0000002C)
    .ARM.Collect$$libinit$$0000002E          0x08000202   Section        0  libinit2.o(.ARM.Collect$$libinit$$0000002E)
    .ARM.Collect$$libinit$$00000030          0x08000202   Section        0  libinit2.o(.ARM.Collect$$libinit$$00000030)
    .ARM.Collect$$libinit$$00000032          0x08000202   Section        0  libinit2.o(.ARM.Collect$$libinit$$00000032)
    .ARM.Collect$$libinit$$00000033          0x08000202   Section        2  libinit2.o(.ARM.Collect$$libinit$$00000033)
    .ARM.Collect$$libshutdown$$00000000      0x08000204   Section        2  libshutdown.o(.ARM.Collect$$libshutdown$$00000000)
    .ARM.Collect$$libshutdown$$00000002      0x08000206   Section        0  libshutdown2.o(.ARM.Collect$$libshutdown$$00000002)
    .ARM.Collect$$libshutdown$$00000004      0x08000206   Section        0  libshutdown2.o(.ARM.Collect$$libshutdown$$00000004)
    .ARM.Collect$$libshutdown$$00000006      0x08000206   Section        0  libshutdown2.o(.ARM.Collect$$libshutdown$$00000006)
    .ARM.Collect$$libshutdown$$00000009      0x08000206   Section        0  libshutdown2.o(.ARM.Collect$$libshutdown$$00000009)
    .ARM.Collect$$libshutdown$$0000000C      0x08000206   Section        0  libshutdown2.o(.ARM.Collect$$libshutdown$$0000000C)
    .ARM.Collect$$libshutdown$$0000000E      0x08000206   Section        0  libshutdown2.o(.ARM.Collect$$libshutdown$$0000000E)
    .ARM.Collect$$libshutdown$$00000011      0x08000206   Section        0  libshutdown2.o(.ARM.Collect$$libshutdown$$00000011)
    .ARM.Collect$$libshutdown$$00000012      0x08000206   Section        2  libshutdown2.o(.ARM.Collect$$libshutdown$$00000012)
    .ARM.Collect$$rtentry$$00000000          0x08000208   Section        0  __rtentry.o(.ARM.Collect$$rtentry$$00000000)
    .ARM.Collect$$rtentry$$00000002          0x08000208   Section        0  __rtentry2.o(.ARM.Collect$$rtentry$$00000002)
    .ARM.Collect$$rtentry$$00000004          0x08000208   Section        6  __rtentry4.o(.ARM.Collect$$rtentry$$00000004)
    .ARM.Collect$$rtentry$$00000009          0x0800020e   Section        0  __rtentry2.o(.ARM.Collect$$rtentry$$00000009)
    .ARM.Collect$$rtentry$$0000000A          0x0800020e   Section        4  __rtentry2.o(.ARM.Collect$$rtentry$$0000000A)
    .ARM.Collect$$rtentry$$0000000C          0x08000212   Section        0  __rtentry2.o(.ARM.Collect$$rtentry$$0000000C)
    .ARM.Collect$$rtentry$$0000000D          0x08000212   Section        8  __rtentry2.o(.ARM.Collect$$rtentry$$0000000D)
    .ARM.Collect$$rtexit$$00000000           0x0800021a   Section        2  rtexit.o(.ARM.Collect$$rtexit$$00000000)
    .ARM.Collect$$rtexit$$00000002           0x0800021c   Section        0  rtexit2.o(.ARM.Collect$$rtexit$$00000002)
    .ARM.Collect$$rtexit$$00000003           0x0800021c   Section        4  rtexit2.o(.ARM.Collect$$rtexit$$00000003)
    .ARM.Collect$$rtexit$$00000004           0x08000220   Section        6  rtexit2.o(.ARM.Collect$$rtexit$$00000004)
    .text                                    0x08000228   Section        0  main.o(.text)
    .text                                    0x08000418   Section        0  stm32f4xx_it.o(.text)
    .text                                    0x08000430   Section        0  system_stm32f4xx.o(.text)
    SetSysClock                              0x08000431   Thumb Code   220  system_stm32f4xx.o(.text)
    .text                                    0x08000640   Section        0  exti.o(.text)
    .text                                    0x080006bc   Section        0  key.o(.text)
    .text                                    0x080006ec   Section        0  timer.o(.text)
    .text                                    0x0800076c   Section        0  adc.o(.text)
    .text                                    0x0800084c   Section        0  delay.o(.text)
    .text                                    0x08000974   Section        0  usart.o(.text)
    .text                                    0x08000ac8   Section       64  startup_stm32f40_41xxx.o(.text)
    $v0                                      0x08000ac8   Number         0  startup_stm32f40_41xxx.o(.text)
    .text                                    0x08000b08   Section        0  misc.o(.text)
    .text                                    0x08000be8   Section        0  stm32f4xx_gpio.o(.text)
    .text                                    0x08000e7c   Section        0  stm32f4xx_rcc.o(.text)
    .text                                    0x080014d8   Section        0  stm32f4xx_syscfg.o(.text)
    .text                                    0x0800156c   Section        0  stm32f4xx_usart.o(.text)
    .text                                    0x080019c0   Section        0  stm32f4xx_exti.o(.text)
    .text                                    0x08001ad0   Section        0  stm32f4xx_adc.o(.text)
    .text                                    0x08001f34   Section        0  stm32f4xx_tim.o(.text)
    TI4_Config                               0x080026d3   Thumb Code    80  stm32f4xx_tim.o(.text)
    TI3_Config                               0x08002735   Thumb Code    72  stm32f4xx_tim.o(.text)
    TI2_Config                               0x08002797   Thumb Code    90  stm32f4xx_tim.o(.text)
    TI1_Config                               0x08002803   Thumb Code    58  stm32f4xx_tim.o(.text)
    .text                                    0x08002bd8   Section        0  os_core.o(.text)
    OS_InitTaskStat                          0x08002c83   Thumb Code    52  os_core.o(.text)
    OS_InitTaskIdle                          0x08002cd9   Thumb Code    52  os_core.o(.text)
    OS_InitEventList                         0x08002d1f   Thumb Code    74  os_core.o(.text)
    OS_InitTCBList                           0x08002d69   Thumb Code   106  os_core.o(.text)
    OS_InitRdyList                           0x08002dd3   Thumb Code    44  os_core.o(.text)
    OS_InitMisc                              0x08002dff   Thumb Code    44  os_core.o(.text)
    OS_SchedNew                              0x08002e73   Thumb Code    26  os_core.o(.text)
    .text                                    0x08003468   Section        0  os_flag.o(.text)
    OS_FlagTaskRdy                           0x080035df   Thumb Code    82  os_flag.o(.text)
    OS_FlagBlock                             0x08003799   Thumb Code   152  os_flag.o(.text)
    .text                                    0x08003c74   Section        0  os_q.o(.text)
    .text                                    0x0800425c   Section        0  os_sem.o(.text)
    .text                                    0x080045e8   Section        0  os_task.o(.text)
    .text                                    0x08004dac   Section        0  os_time.o(.text)
    .text                                    0x08004f5c   Section        0  os_cpu_c.o(.text)
    .text                                    0x08005120   Section      200  os_cpu_a.o(.text)
    $v0                                      0x08005120   Number         0  os_cpu_a.o(.text)
    .text                                    0x080051e8   Section        2  use_no_semi_2.o(.text)
    .text                                    0x080051ea   Section        0  heapauxi.o(.text)
    .text                                    0x080051f0   Section        2  use_no_semi.o(.text)
    .text                                    0x080051f2   Section       74  sys_stackheap_outer.o(.text)
    .text                                    0x0800523c   Section        0  exit.o(.text)
    .text                                    0x08005250   Section        8  libspace.o(.text)
    x$fpl$fpinit                             0x08005258   Section       10  fpinit.o(x$fpl$fpinit)
    $v0                                      0x08005258   Number         0  fpinit.o(x$fpl$fpinit)
    .constdata                               0x08005262   Section      256  os_core.o(.constdata)
    .data                                    0x20000000   Section       14  main.o(.data)
    collect_enabled                          0x20000000   Data           1  main.o(.data)
    .data                                    0x20000010   Section       20  system_stm32f4xx.o(.data)
    .data                                    0x20000024   Section        4  delay.o(.data)
    fac_us                                   0x20000024   Data           1  delay.o(.data)
    fac_ms                                   0x20000026   Data           2  delay.o(.data)
    .data                                    0x20000028   Section        6  usart.o(.data)
    .data                                    0x2000002e   Section       16  stm32f4xx_rcc.o(.data)
    APBAHBPrescTable                         0x2000002e   Data          16  stm32f4xx_rcc.o(.data)
    .data                                    0x20000040   Section       72  os_core.o(.data)
    .bss                                     0x20000088   Section     1536  main.o(.bss)
    .bss                                     0x20000688   Section      200  usart.o(.bss)
    .bss                                     0x20000750   Section     2688  os_core.o(.bss)
    .bss                                     0x200011d0   Section       96  libspace.o(.bss)
    HEAP                                     0x20001230   Section      512  startup_stm32f40_41xxx.o(HEAP)
    Heap_Mem                                 0x20001230   Data         512  startup_stm32f40_41xxx.o(HEAP)
    STACK                                    0x20001430   Section     1024  startup_stm32f40_41xxx.o(STACK)
    Stack_Mem                                0x20001430   Data        1024  startup_stm32f40_41xxx.o(STACK)
    __initial_sp                             0x20001830   Data           0  startup_stm32f40_41xxx.o(STACK)

    Global Symbols

    Symbol Name                              Value     Ov Type        Size  Object(Section)

    BuildAttributes$$THM_ISAv4$E$P$D$K$B$S$7EM$VFPi3$EXTD16$VFPS$VFMA$PE$A:L22UL41UL21$X:L11$S22US41US21$IEEE1$IW$USESV6$~STKCKD$USESV7$~SHL$OSPACE$ROPI$EBA8$UX$STANDARDLIB$REQ8$PRES8$EABIv2 0x00000000   Number         0  anon$$obj.o ABSOLUTE
    __ARM_use_no_argv                        0x00000000   Number         0  main.o ABSOLUTE
    __ARM_exceptions_init                     - Undefined Weak Reference
    __alloca_initialize                       - Undefined Weak Reference
    __arm_fini_                               - Undefined Weak Reference
    __arm_preinit_                            - Undefined Weak Reference
    __cpp_initialize__aeabi_                  - Undefined Weak Reference
    __cxa_finalize                            - Undefined Weak Reference
    __rt_locale                               - Undefined Weak Reference
    __sigvec_lookup                           - Undefined Weak Reference
    _atexit_init                              - Undefined Weak Reference
    _call_atexit_fns                          - Undefined Weak Reference
    _clock_init                               - Undefined Weak Reference
    _fp_trap_init                             - Undefined Weak Reference
    _fp_trap_shutdown                         - Undefined Weak Reference
    _get_lc_collate                           - Undefined Weak Reference
    _get_lc_ctype                             - Undefined Weak Reference
    _get_lc_monetary                          - Undefined Weak Reference
    _get_lc_numeric                           - Undefined Weak Reference
    _get_lc_time                              - Undefined Weak Reference
    _getenv_init                              - Undefined Weak Reference
    _handle_redirection                       - Undefined Weak Reference
    _init_alloc                               - Undefined Weak Reference
    _init_user_alloc                          - Undefined Weak Reference
    _initio                                   - Undefined Weak Reference
    _rand_init                                - Undefined Weak Reference
    _signal_finish                            - Undefined Weak Reference
    _signal_init                              - Undefined Weak Reference
    _terminate_alloc                          - Undefined Weak Reference
    _terminate_user_alloc                     - Undefined Weak Reference
    _terminateio                              - Undefined Weak Reference
    __Vectors_Size                           0x00000188   Number         0  startup_stm32f40_41xxx.o ABSOLUTE
    __Vectors                                0x08000000   Data           4  startup_stm32f40_41xxx.o(RESET)
    __Vectors_End                            0x08000188   Data           0  startup_stm32f40_41xxx.o(RESET)
    __main                                   0x08000189   Thumb Code     8  __main.o(!!!main)
    __scatterload                            0x08000191   Thumb Code     0  __scatter.o(!!!scatter)
    __scatterload_rt2                        0x08000191   Thumb Code    44  __scatter.o(!!!scatter)
    __scatterload_rt2_thumb_only             0x08000191   Thumb Code     0  __scatter.o(!!!scatter)
    __scatterload_null                       0x0800019f   Thumb Code     0  __scatter.o(!!!scatter)
    __scatterload_copy                       0x080001c5   Thumb Code    26  __scatter_copy.o(!!handler_copy)
    __scatterload_zeroinit                   0x080001e1   Thumb Code    28  __scatter_zi.o(!!handler_zi)
    __rt_lib_init                            0x080001fd   Thumb Code     0  libinit.o(.ARM.Collect$$libinit$$00000000)
    __rt_lib_init_fp_1                       0x080001ff   Thumb Code     0  libinit2.o(.ARM.Collect$$libinit$$00000001)
    __rt_lib_init_alloca_1                   0x08000203   Thumb Code     0  libinit2.o(.ARM.Collect$$libinit$$0000002E)
    __rt_lib_init_argv_1                     0x08000203   Thumb Code     0  libinit2.o(.ARM.Collect$$libinit$$0000002C)
    __rt_lib_init_atexit_1                   0x08000203   Thumb Code     0  libinit2.o(.ARM.Collect$$libinit$$0000001B)
    __rt_lib_init_clock_1                    0x08000203   Thumb Code     0  libinit2.o(.ARM.Collect$$libinit$$00000021)
    __rt_lib_init_cpp_1                      0x08000203   Thumb Code     0  libinit2.o(.ARM.Collect$$libinit$$00000032)
    __rt_lib_init_exceptions_1               0x08000203   Thumb Code     0  libinit2.o(.ARM.Collect$$libinit$$00000030)
    __rt_lib_init_fp_trap_1                  0x08000203   Thumb Code     0  libinit2.o(.ARM.Collect$$libinit$$0000001F)
    __rt_lib_init_getenv_1                   0x08000203   Thumb Code     0  libinit2.o(.ARM.Collect$$libinit$$00000023)
    __rt_lib_init_heap_1                     0x08000203   Thumb Code     0  libinit2.o(.ARM.Collect$$libinit$$0000000A)
    __rt_lib_init_lc_collate_1               0x08000203   Thumb Code     0  libinit2.o(.ARM.Collect$$libinit$$00000011)
    __rt_lib_init_lc_ctype_1                 0x08000203   Thumb Code     0  libinit2.o(.ARM.Collect$$libinit$$00000013)
    __rt_lib_init_lc_monetary_1              0x08000203   Thumb Code     0  libinit2.o(.ARM.Collect$$libinit$$00000015)
    __rt_lib_init_lc_numeric_1               0x08000203   Thumb Code     0  libinit2.o(.ARM.Collect$$libinit$$00000017)
    __rt_lib_init_lc_time_1                  0x08000203   Thumb Code     0  libinit2.o(.ARM.Collect$$libinit$$00000019)
    __rt_lib_init_preinit_1                  0x08000203   Thumb Code     0  libinit2.o(.ARM.Collect$$libinit$$00000004)
    __rt_lib_init_rand_1                     0x08000203   Thumb Code     0  libinit2.o(.ARM.Collect$$libinit$$0000000E)
    __rt_lib_init_return                     0x08000203   Thumb Code     0  libinit2.o(.ARM.Collect$$libinit$$00000033)
    __rt_lib_init_signal_1                   0x08000203   Thumb Code     0  libinit2.o(.ARM.Collect$$libinit$$0000001D)
    __rt_lib_init_stdio_1                    0x08000203   Thumb Code     0  libinit2.o(.ARM.Collect$$libinit$$00000025)
    __rt_lib_init_user_alloc_1               0x08000203   Thumb Code     0  libinit2.o(.ARM.Collect$$libinit$$0000000C)
    __rt_lib_shutdown                        0x08000205   Thumb Code     0  libshutdown.o(.ARM.Collect$$libshutdown$$00000000)
    __rt_lib_shutdown_cpp_1                  0x08000207   Thumb Code     0  libshutdown2.o(.ARM.Collect$$libshutdown$$00000004)
    __rt_lib_shutdown_fini_1                 0x08000207   Thumb Code     0  libshutdown2.o(.ARM.Collect$$libshutdown$$00000002)
    __rt_lib_shutdown_fp_trap_1              0x08000207   Thumb Code     0  libshutdown2.o(.ARM.Collect$$libshutdown$$00000009)
    __rt_lib_shutdown_heap_1                 0x08000207   Thumb Code     0  libshutdown2.o(.ARM.Collect$$libshutdown$$00000011)
    __rt_lib_shutdown_return                 0x08000207   Thumb Code     0  libshutdown2.o(.ARM.Collect$$libshutdown$$00000012)
    __rt_lib_shutdown_signal_1               0x08000207   Thumb Code     0  libshutdown2.o(.ARM.Collect$$libshutdown$$0000000C)
    __rt_lib_shutdown_stdio_1                0x08000207   Thumb Code     0  libshutdown2.o(.ARM.Collect$$libshutdown$$00000006)
    __rt_lib_shutdown_user_alloc_1           0x08000207   Thumb Code     0  libshutdown2.o(.ARM.Collect$$libshutdown$$0000000E)
    __rt_entry                               0x08000209   Thumb Code     0  __rtentry.o(.ARM.Collect$$rtentry$$00000000)
    __rt_entry_presh_1                       0x08000209   Thumb Code     0  __rtentry2.o(.ARM.Collect$$rtentry$$00000002)
    __rt_entry_sh                            0x08000209   Thumb Code     0  __rtentry4.o(.ARM.Collect$$rtentry$$00000004)
    __rt_entry_li                            0x0800020f   Thumb Code     0  __rtentry2.o(.ARM.Collect$$rtentry$$0000000A)
    __rt_entry_postsh_1                      0x0800020f   Thumb Code     0  __rtentry2.o(.ARM.Collect$$rtentry$$00000009)
    __rt_entry_main                          0x08000213   Thumb Code     0  __rtentry2.o(.ARM.Collect$$rtentry$$0000000D)
    __rt_entry_postli_1                      0x08000213   Thumb Code     0  __rtentry2.o(.ARM.Collect$$rtentry$$0000000C)
    __rt_exit                                0x0800021b   Thumb Code     0  rtexit.o(.ARM.Collect$$rtexit$$00000000)
    __rt_exit_ls                             0x0800021d   Thumb Code     0  rtexit2.o(.ARM.Collect$$rtexit$$00000003)
    __rt_exit_prels_1                        0x0800021d   Thumb Code     0  rtexit2.o(.ARM.Collect$$rtexit$$00000002)
    __rt_exit_exit                           0x08000221   Thumb Code     0  rtexit2.o(.ARM.Collect$$rtexit$$00000004)
    UART_SendChar                            0x08000229   Thumb Code    30  main.o(.text)
    UART_SendNumber                          0x08000247   Thumb Code    50  main.o(.text)
    CollectTask                              0x08000279   Thumb Code    60  main.o(.text)
    ProcessTask                              0x080002b5   Thumb Code   148  main.o(.text)
    main                                     0x08000349   Thumb Code   120  main.o(.text)
    NMI_Handler                              0x08000419   Thumb Code     2  stm32f4xx_it.o(.text)
    HardFault_Handler                        0x0800041b   Thumb Code     4  stm32f4xx_it.o(.text)
    MemManage_Handler                        0x0800041f   Thumb Code     4  stm32f4xx_it.o(.text)
    BusFault_Handler                         0x08000423   Thumb Code     4  stm32f4xx_it.o(.text)
    UsageFault_Handler                       0x08000427   Thumb Code     4  stm32f4xx_it.o(.text)
    SVC_Handler                              0x0800042b   Thumb Code     2  stm32f4xx_it.o(.text)
    DebugMon_Handler                         0x0800042d   Thumb Code     2  stm32f4xx_it.o(.text)
    SystemInit                               0x0800050d   Thumb Code    88  system_stm32f4xx.o(.text)
    SystemCoreClockUpdate                    0x08000565   Thumb Code   174  system_stm32f4xx.o(.text)
    EXTI4_IRQHandler                         0x08000641   Thumb Code    26  exti.o(.text)
    EXTIX_Init                               0x0800065b   Thumb Code    92  exti.o(.text)
    KEY_Init                                 0x080006bd   Thumb Code    42  key.o(.text)
    TIM3_Int_Init                            0x080006ed   Thumb Code    88  timer.o(.text)
    TIM3_IRQHandler                          0x08000745   Thumb Code    32  timer.o(.text)
    Adc_Init                                 0x0800076d   Thumb Code   124  adc.o(.text)
    Get_Adc                                  0x080007e9   Thumb Code    44  adc.o(.text)
    Get_Adc_Average                          0x08000815   Thumb Code    46  adc.o(.text)
    delay_osschedlock                        0x0800084d   Thumb Code     8  delay.o(.text)
    delay_osschedunlock                      0x08000855   Thumb Code     8  delay.o(.text)
    delay_ostimedly                          0x0800085d   Thumb Code    12  delay.o(.text)
    SysTick_Handler                          0x08000869   Thumb Code    24  delay.o(.text)
    delay_init                               0x08000881   Thumb Code    76  delay.o(.text)
    delay_us                                 0x080008cd   Thumb Code    84  delay.o(.text)
    delay_ms                                 0x08000921   Thumb Code    66  delay.o(.text)
    _sys_exit                                0x08000975   Thumb Code     6  usart.o(.text)
    fputc                                    0x0800097b   Thumb Code    22  usart.o(.text)
    uart_init                                0x08000991   Thumb Code   164  usart.o(.text)
    USART1_IRQHandler                        0x08000a35   Thumb Code   130  usart.o(.text)
    Reset_Handler                            0x08000ac9   Thumb Code     8  startup_stm32f40_41xxx.o(.text)
    ADC_IRQHandler                           0x08000ae3   Thumb Code     0  startup_stm32f40_41xxx.o(.text)
    CAN1_RX0_IRQHandler                      0x08000ae3   Thumb Code     0  startup_stm32f40_41xxx.o(.text)
    CAN1_RX1_IRQHandler                      0x08000ae3   Thumb Code     0  startup_stm32f40_41xxx.o(.text)
    CAN1_SCE_IRQHandler                      0x08000ae3   Thumb Code     0  startup_stm32f40_41xxx.o(.text)
    CAN1_TX_IRQHandler                       0x08000ae3   Thumb Code     0  startup_stm32f40_41xxx.o(.text)
    CAN2_RX0_IRQHandler                      0x08000ae3   Thumb Code     0  startup_stm32f40_41xxx.o(.text)
    CAN2_RX1_IRQHandler                      0x08000ae3   Thumb Code     0  startup_stm32f40_41xxx.o(.text)
    CAN2_SCE_IRQHandler                      0x08000ae3   Thumb Code     0  startup_stm32f40_41xxx.o(.text)
    CAN2_TX_IRQHandler                       0x08000ae3   Thumb Code     0  startup_stm32f40_41xxx.o(.text)
    CRYP_IRQHandler                          0x08000ae3   Thumb Code     0  startup_stm32f40_41xxx.o(.text)
    DCMI_IRQHandler                          0x08000ae3   Thumb Code     0  startup_stm32f40_41xxx.o(.text)
    DMA1_Stream0_IRQHandler                  0x08000ae3   Thumb Code     0  startup_stm32f40_41xxx.o(.text)
    DMA1_Stream1_IRQHandler                  0x08000ae3   Thumb Code     0  startup_stm32f40_41xxx.o(.text)
    DMA1_Stream2_IRQHandler                  0x08000ae3   Thumb Code     0  startup_stm32f40_41xxx.o(.text)
    DMA1_Stream3_IRQHandler                  0x08000ae3   Thumb Code     0  startup_stm32f40_41xxx.o(.text)
    DMA1_Stream4_IRQHandler                  0x08000ae3   Thumb Code     0  startup_stm32f40_41xxx.o(.text)
    DMA1_Stream5_IRQHandler                  0x08000ae3   Thumb Code     0  startup_stm32f40_41xxx.o(.text)
    DMA1_Stream6_IRQHandler                  0x08000ae3   Thumb Code     0  startup_stm32f40_41xxx.o(.text)
    DMA1_Stream7_IRQHandler                  0x08000ae3   Thumb Code     0  startup_stm32f40_41xxx.o(.text)
    DMA2_Stream0_IRQHandler                  0x08000ae3   Thumb Code     0  startup_stm32f40_41xxx.o(.text)
    DMA2_Stream1_IRQHandler                  0x08000ae3   Thumb Code     0  startup_stm32f40_41xxx.o(.text)
    DMA2_Stream2_IRQHandler                  0x08000ae3   Thumb Code     0  startup_stm32f40_41xxx.o(.text)
    DMA2_Stream3_IRQHandler                  0x08000ae3   Thumb Code     0  startup_stm32f40_41xxx.o(.text)
    DMA2_Stream4_IRQHandler                  0x08000ae3   Thumb Code     0  startup_stm32f40_41xxx.o(.text)
    DMA2_Stream5_IRQHandler                  0x08000ae3   Thumb Code     0  startup_stm32f40_41xxx.o(.text)
    DMA2_Stream6_IRQHandler                  0x08000ae3   Thumb Code     0  startup_stm32f40_41xxx.o(.text)
    DMA2_Stream7_IRQHandler                  0x08000ae3   Thumb Code     0  startup_stm32f40_41xxx.o(.text)
    ETH_IRQHandler                           0x08000ae3   Thumb Code     0  startup_stm32f40_41xxx.o(.text)
    ETH_WKUP_IRQHandler                      0x08000ae3   Thumb Code     0  startup_stm32f40_41xxx.o(.text)
    EXTI0_IRQHandler                         0x08000ae3   Thumb Code     0  startup_stm32f40_41xxx.o(.text)
    EXTI15_10_IRQHandler                     0x08000ae3   Thumb Code     0  startup_stm32f40_41xxx.o(.text)
    EXTI1_IRQHandler                         0x08000ae3   Thumb Code     0  startup_stm32f40_41xxx.o(.text)
    EXTI2_IRQHandler                         0x08000ae3   Thumb Code     0  startup_stm32f40_41xxx.o(.text)
    EXTI3_IRQHandler                         0x08000ae3   Thumb Code     0  startup_stm32f40_41xxx.o(.text)
    EXTI9_5_IRQHandler                       0x08000ae3   Thumb Code     0  startup_stm32f40_41xxx.o(.text)
    FLASH_IRQHandler                         0x08000ae3   Thumb Code     0  startup_stm32f40_41xxx.o(.text)
    FPU_IRQHandler                           0x08000ae3   Thumb Code     0  startup_stm32f40_41xxx.o(.text)
    FSMC_IRQHandler                          0x08000ae3   Thumb Code     0  startup_stm32f40_41xxx.o(.text)
    HASH_RNG_IRQHandler                      0x08000ae3   Thumb Code     0  startup_stm32f40_41xxx.o(.text)
    I2C1_ER_IRQHandler                       0x08000ae3   Thumb Code     0  startup_stm32f40_41xxx.o(.text)
    I2C1_EV_IRQHandler                       0x08000ae3   Thumb Code     0  startup_stm32f40_41xxx.o(.text)
    I2C2_ER_IRQHandler                       0x08000ae3   Thumb Code     0  startup_stm32f40_41xxx.o(.text)
    I2C2_EV_IRQHandler                       0x08000ae3   Thumb Code     0  startup_stm32f40_41xxx.o(.text)
    I2C3_ER_IRQHandler                       0x08000ae3   Thumb Code     0  startup_stm32f40_41xxx.o(.text)
    I2C3_EV_IRQHandler                       0x08000ae3   Thumb Code     0  startup_stm32f40_41xxx.o(.text)
    OTG_FS_IRQHandler                        0x08000ae3   Thumb Code     0  startup_stm32f40_41xxx.o(.text)
    OTG_FS_WKUP_IRQHandler                   0x08000ae3   Thumb Code     0  startup_stm32f40_41xxx.o(.text)
    OTG_HS_EP1_IN_IRQHandler                 0x08000ae3   Thumb Code     0  startup_stm32f40_41xxx.o(.text)
    OTG_HS_EP1_OUT_IRQHandler                0x08000ae3   Thumb Code     0  startup_stm32f40_41xxx.o(.text)
    OTG_HS_IRQHandler                        0x08000ae3   Thumb Code     0  startup_stm32f40_41xxx.o(.text)
    OTG_HS_WKUP_IRQHandler                   0x08000ae3   Thumb Code     0  startup_stm32f40_41xxx.o(.text)
    PVD_IRQHandler                           0x08000ae3   Thumb Code     0  startup_stm32f40_41xxx.o(.text)
    RCC_IRQHandler                           0x08000ae3   Thumb Code     0  startup_stm32f40_41xxx.o(.text)
    RTC_Alarm_IRQHandler                     0x08000ae3   Thumb Code     0  startup_stm32f40_41xxx.o(.text)
    RTC_WKUP_IRQHandler                      0x08000ae3   Thumb Code     0  startup_stm32f40_41xxx.o(.text)
    SDIO_IRQHandler                          0x08000ae3   Thumb Code     0  startup_stm32f40_41xxx.o(.text)
    SPI1_IRQHandler                          0x08000ae3   Thumb Code     0  startup_stm32f40_41xxx.o(.text)
    SPI2_IRQHandler                          0x08000ae3   Thumb Code     0  startup_stm32f40_41xxx.o(.text)
    SPI3_IRQHandler                          0x08000ae3   Thumb Code     0  startup_stm32f40_41xxx.o(.text)
    TAMP_STAMP_IRQHandler                    0x08000ae3   Thumb Code     0  startup_stm32f40_41xxx.o(.text)
    TIM1_BRK_TIM9_IRQHandler                 0x08000ae3   Thumb Code     0  startup_stm32f40_41xxx.o(.text)
    TIM1_CC_IRQHandler                       0x08000ae3   Thumb Code     0  startup_stm32f40_41xxx.o(.text)
    TIM1_TRG_COM_TIM11_IRQHandler            0x08000ae3   Thumb Code     0  startup_stm32f40_41xxx.o(.text)
    TIM1_UP_TIM10_IRQHandler                 0x08000ae3   Thumb Code     0  startup_stm32f40_41xxx.o(.text)
    TIM2_IRQHandler                          0x08000ae3   Thumb Code     0  startup_stm32f40_41xxx.o(.text)
    TIM4_IRQHandler                          0x08000ae3   Thumb Code     0  startup_stm32f40_41xxx.o(.text)
    TIM5_IRQHandler                          0x08000ae3   Thumb Code     0  startup_stm32f40_41xxx.o(.text)
    TIM6_DAC_IRQHandler                      0x08000ae3   Thumb Code     0  startup_stm32f40_41xxx.o(.text)
    TIM7_IRQHandler                          0x08000ae3   Thumb Code     0  startup_stm32f40_41xxx.o(.text)
    TIM8_BRK_TIM12_IRQHandler                0x08000ae3   Thumb Code     0  startup_stm32f40_41xxx.o(.text)
    TIM8_CC_IRQHandler                       0x08000ae3   Thumb Code     0  startup_stm32f40_41xxx.o(.text)
    TIM8_TRG_COM_TIM14_IRQHandler            0x08000ae3   Thumb Code     0  startup_stm32f40_41xxx.o(.text)
    TIM8_UP_TIM13_IRQHandler                 0x08000ae3   Thumb Code     0  startup_stm32f40_41xxx.o(.text)
    UART4_IRQHandler                         0x08000ae3   Thumb Code     0  startup_stm32f40_41xxx.o(.text)
    UART5_IRQHandler                         0x08000ae3   Thumb Code     0  startup_stm32f40_41xxx.o(.text)
    USART2_IRQHandler                        0x08000ae3   Thumb Code     0  startup_stm32f40_41xxx.o(.text)
    USART3_IRQHandler                        0x08000ae3   Thumb Code     0  startup_stm32f40_41xxx.o(.text)
    USART6_IRQHandler                        0x08000ae3   Thumb Code     0  startup_stm32f40_41xxx.o(.text)
    WWDG_IRQHandler                          0x08000ae3   Thumb Code     0  startup_stm32f40_41xxx.o(.text)
    __user_initial_stackheap                 0x08000ae5   Thumb Code     0  startup_stm32f40_41xxx.o(.text)
    NVIC_PriorityGroupConfig                 0x08000b09   Thumb Code    10  misc.o(.text)
    NVIC_Init                                0x08000b13   Thumb Code   106  misc.o(.text)
    NVIC_SetVectorTable                      0x08000b7d   Thumb Code    14  misc.o(.text)
    NVIC_SystemLPConfig                      0x08000b8b   Thumb Code    34  misc.o(.text)
    SysTick_CLKSourceConfig                  0x08000bad   Thumb Code    40  misc.o(.text)
    GPIO_DeInit                              0x08000be9   Thumb Code   268  stm32f4xx_gpio.o(.text)
    GPIO_Init                                0x08000cf5   Thumb Code   144  stm32f4xx_gpio.o(.text)
    GPIO_StructInit                          0x08000d85   Thumb Code    18  stm32f4xx_gpio.o(.text)
    GPIO_PinLockConfig                       0x08000d97   Thumb Code    34  stm32f4xx_gpio.o(.text)
    GPIO_ReadInputDataBit                    0x08000db9   Thumb Code    18  stm32f4xx_gpio.o(.text)
    GPIO_ReadInputData                       0x08000dcb   Thumb Code     8  stm32f4xx_gpio.o(.text)
    GPIO_ReadOutputDataBit                   0x08000dd3   Thumb Code    18  stm32f4xx_gpio.o(.text)
    GPIO_ReadOutputData                      0x08000de5   Thumb Code     8  stm32f4xx_gpio.o(.text)
    GPIO_SetBits                             0x08000ded   Thumb Code     4  stm32f4xx_gpio.o(.text)
    GPIO_ResetBits                           0x08000df1   Thumb Code     4  stm32f4xx_gpio.o(.text)
    GPIO_WriteBit                            0x08000df5   Thumb Code    10  stm32f4xx_gpio.o(.text)
    GPIO_Write                               0x08000dff   Thumb Code     4  stm32f4xx_gpio.o(.text)
    GPIO_ToggleBits                          0x08000e03   Thumb Code     8  stm32f4xx_gpio.o(.text)
    GPIO_PinAFConfig                         0x08000e0b   Thumb Code    70  stm32f4xx_gpio.o(.text)
    RCC_DeInit                               0x08000e7d   Thumb Code    82  stm32f4xx_rcc.o(.text)
    RCC_HSEConfig                            0x08000ecf   Thumb Code    14  stm32f4xx_rcc.o(.text)
    RCC_GetFlagStatus                        0x08000edd   Thumb Code    60  stm32f4xx_rcc.o(.text)
    RCC_WaitForHSEStartUp                    0x08000f19   Thumb Code    56  stm32f4xx_rcc.o(.text)
    RCC_AdjustHSICalibrationValue            0x08000f51   Thumb Code    20  stm32f4xx_rcc.o(.text)
    RCC_HSICmd                               0x08000f65   Thumb Code     6  stm32f4xx_rcc.o(.text)
    RCC_LSEConfig                            0x08000f6b   Thumb Code    46  stm32f4xx_rcc.o(.text)
    RCC_LSICmd                               0x08000f99   Thumb Code     6  stm32f4xx_rcc.o(.text)
    RCC_PLLConfig                            0x08000f9f   Thumb Code    32  stm32f4xx_rcc.o(.text)
    RCC_PLLCmd                               0x08000fbf   Thumb Code     6  stm32f4xx_rcc.o(.text)
    RCC_PLLI2SConfig                         0x08000fc5   Thumb Code    14  stm32f4xx_rcc.o(.text)
    RCC_PLLI2SCmd                            0x08000fd3   Thumb Code     6  stm32f4xx_rcc.o(.text)
    RCC_PLLSAIConfig                         0x08000fd9   Thumb Code    20  stm32f4xx_rcc.o(.text)
    RCC_PLLSAICmd                            0x08000fed   Thumb Code     6  stm32f4xx_rcc.o(.text)
    RCC_ClockSecuritySystemCmd               0x08000ff3   Thumb Code     6  stm32f4xx_rcc.o(.text)
    RCC_MCO1Config                           0x08000ff9   Thumb Code    28  stm32f4xx_rcc.o(.text)
    RCC_MCO2Config                           0x08001015   Thumb Code    28  stm32f4xx_rcc.o(.text)
    RCC_SYSCLKConfig                         0x08001031   Thumb Code    20  stm32f4xx_rcc.o(.text)
    RCC_GetSYSCLKSource                      0x08001045   Thumb Code    12  stm32f4xx_rcc.o(.text)
    RCC_HCLKConfig                           0x08001051   Thumb Code    20  stm32f4xx_rcc.o(.text)
    RCC_PCLK1Config                          0x08001065   Thumb Code    20  stm32f4xx_rcc.o(.text)
    RCC_PCLK2Config                          0x08001079   Thumb Code    22  stm32f4xx_rcc.o(.text)
    RCC_GetClocksFreq                        0x0800108f   Thumb Code   222  stm32f4xx_rcc.o(.text)
    RCC_RTCCLKConfig                         0x0800116d   Thumb Code    54  stm32f4xx_rcc.o(.text)
    RCC_RTCCLKCmd                            0x080011a3   Thumb Code     8  stm32f4xx_rcc.o(.text)
    RCC_BackupResetCmd                       0x080011ab   Thumb Code     8  stm32f4xx_rcc.o(.text)
    RCC_I2SCLKConfig                         0x080011b3   Thumb Code     6  stm32f4xx_rcc.o(.text)
    RCC_SAIPLLI2SClkDivConfig                0x080011b9   Thumb Code    26  stm32f4xx_rcc.o(.text)
    RCC_SAIPLLSAIClkDivConfig                0x080011d3   Thumb Code    28  stm32f4xx_rcc.o(.text)
    RCC_SAIBlockACLKConfig                   0x080011ef   Thumb Code    20  stm32f4xx_rcc.o(.text)
    RCC_SAIBlockBCLKConfig                   0x08001203   Thumb Code    20  stm32f4xx_rcc.o(.text)
    RCC_LTDCCLKDivConfig                     0x08001217   Thumb Code    20  stm32f4xx_rcc.o(.text)
    RCC_TIMCLKPresConfig                     0x0800122b   Thumb Code     6  stm32f4xx_rcc.o(.text)
    RCC_AHB1PeriphClockCmd                   0x08001231   Thumb Code    34  stm32f4xx_rcc.o(.text)
    RCC_AHB2PeriphClockCmd                   0x08001253   Thumb Code    78  stm32f4xx_rcc.o(.text)
    RCC_AHB3PeriphClockCmd                   0x080012a1   Thumb Code    34  stm32f4xx_rcc.o(.text)
    RCC_APB1PeriphClockCmd                   0x080012c3   Thumb Code    34  stm32f4xx_rcc.o(.text)
    RCC_APB2PeriphClockCmd                   0x080012e5   Thumb Code    34  stm32f4xx_rcc.o(.text)
    RCC_AHB1PeriphResetCmd                   0x08001307   Thumb Code    34  stm32f4xx_rcc.o(.text)
    RCC_AHB2PeriphResetCmd                   0x08001329   Thumb Code    34  stm32f4xx_rcc.o(.text)
    RCC_AHB3PeriphResetCmd                   0x0800134b   Thumb Code    34  stm32f4xx_rcc.o(.text)
    RCC_APB1PeriphResetCmd                   0x0800136d   Thumb Code    34  stm32f4xx_rcc.o(.text)
    RCC_APB2PeriphResetCmd                   0x0800138f   Thumb Code    34  stm32f4xx_rcc.o(.text)
    RCC_AHB1PeriphClockLPModeCmd             0x080013b1   Thumb Code    34  stm32f4xx_rcc.o(.text)
    RCC_AHB2PeriphClockLPModeCmd             0x080013d3   Thumb Code    34  stm32f4xx_rcc.o(.text)
    RCC_AHB3PeriphClockLPModeCmd             0x080013f5   Thumb Code    34  stm32f4xx_rcc.o(.text)
    RCC_APB1PeriphClockLPModeCmd             0x08001417   Thumb Code    34  stm32f4xx_rcc.o(.text)
    RCC_APB2PeriphClockLPModeCmd             0x08001439   Thumb Code    34  stm32f4xx_rcc.o(.text)
    RCC_LSEModeConfig                        0x0800145b   Thumb Code    40  stm32f4xx_rcc.o(.text)
    RCC_ITConfig                             0x08001483   Thumb Code    34  stm32f4xx_rcc.o(.text)
    RCC_ClearFlag                            0x080014a5   Thumb Code    18  stm32f4xx_rcc.o(.text)
    RCC_GetITStatus                          0x080014b7   Thumb Code    22  stm32f4xx_rcc.o(.text)
    RCC_ClearITPendingBit                    0x080014cd   Thumb Code     8  stm32f4xx_rcc.o(.text)
    SYSCFG_DeInit                            0x080014d9   Thumb Code    22  stm32f4xx_syscfg.o(.text)
    SYSCFG_MemoryRemapConfig                 0x080014ef   Thumb Code     6  stm32f4xx_syscfg.o(.text)
    SYSCFG_MemorySwappingBank                0x080014f5   Thumb Code     6  stm32f4xx_syscfg.o(.text)
    SYSCFG_EXTILineConfig                    0x080014fb   Thumb Code    66  stm32f4xx_syscfg.o(.text)
    SYSCFG_ETH_MediaInterfaceConfig          0x0800153d   Thumb Code     8  stm32f4xx_syscfg.o(.text)
    SYSCFG_CompensationCellCmd               0x08001545   Thumb Code     6  stm32f4xx_syscfg.o(.text)
    SYSCFG_GetCompensationCellStatus         0x0800154b   Thumb Code    22  stm32f4xx_syscfg.o(.text)
    USART_DeInit                             0x0800156d   Thumb Code   206  stm32f4xx_usart.o(.text)
    USART_Init                               0x0800163b   Thumb Code   204  stm32f4xx_usart.o(.text)
    USART_StructInit                         0x08001707   Thumb Code    24  stm32f4xx_usart.o(.text)
    USART_ClockInit                          0x0800171f   Thumb Code    32  stm32f4xx_usart.o(.text)
    USART_ClockStructInit                    0x0800173f   Thumb Code    12  stm32f4xx_usart.o(.text)
    USART_Cmd                                0x0800174b   Thumb Code    24  stm32f4xx_usart.o(.text)
    USART_SetPrescaler                       0x08001763   Thumb Code    16  stm32f4xx_usart.o(.text)
    USART_OverSampling8Cmd                   0x08001773   Thumb Code    22  stm32f4xx_usart.o(.text)
    USART_OneBitMethodCmd                    0x08001789   Thumb Code    24  stm32f4xx_usart.o(.text)
    USART_SendData                           0x080017a1   Thumb Code     8  stm32f4xx_usart.o(.text)
    USART_ReceiveData                        0x080017a9   Thumb Code    10  stm32f4xx_usart.o(.text)
    USART_SetAddress                         0x080017b3   Thumb Code    18  stm32f4xx_usart.o(.text)
    USART_ReceiverWakeUpCmd                  0x080017c5   Thumb Code    24  stm32f4xx_usart.o(.text)
    USART_WakeUpConfig                       0x080017dd   Thumb Code    18  stm32f4xx_usart.o(.text)
    USART_LINBreakDetectLengthConfig         0x080017ef   Thumb Code    18  stm32f4xx_usart.o(.text)
    USART_LINCmd                             0x08001801   Thumb Code    24  stm32f4xx_usart.o(.text)
    USART_SendBreak                          0x08001819   Thumb Code    10  stm32f4xx_usart.o(.text)
    USART_HalfDuplexCmd                      0x08001823   Thumb Code    24  stm32f4xx_usart.o(.text)
    USART_SetGuardTime                       0x0800183b   Thumb Code    16  stm32f4xx_usart.o(.text)
    USART_SmartCardCmd                       0x0800184b   Thumb Code    24  stm32f4xx_usart.o(.text)
    USART_SmartCardNACKCmd                   0x08001863   Thumb Code    24  stm32f4xx_usart.o(.text)
    USART_IrDAConfig                         0x0800187b   Thumb Code    18  stm32f4xx_usart.o(.text)
    USART_IrDACmd                            0x0800188d   Thumb Code    24  stm32f4xx_usart.o(.text)
    USART_DMACmd                             0x080018a5   Thumb Code    18  stm32f4xx_usart.o(.text)
    USART_ITConfig                           0x080018b7   Thumb Code    74  stm32f4xx_usart.o(.text)
    USART_GetFlagStatus                      0x08001901   Thumb Code    26  stm32f4xx_usart.o(.text)
    USART_ClearFlag                          0x0800191b   Thumb Code    18  stm32f4xx_usart.o(.text)
    USART_GetITStatus                        0x0800192d   Thumb Code   118  stm32f4xx_usart.o(.text)
    USART_ClearITPendingBit                  0x080019a3   Thumb Code    30  stm32f4xx_usart.o(.text)
    EXTI_DeInit                              0x080019c1   Thumb Code    28  stm32f4xx_exti.o(.text)
    EXTI_Init                                0x080019dd   Thumb Code   142  stm32f4xx_exti.o(.text)
    EXTI_StructInit                          0x08001a6b   Thumb Code    16  stm32f4xx_exti.o(.text)
    EXTI_GenerateSWInterrupt                 0x08001a7b   Thumb Code    16  stm32f4xx_exti.o(.text)
    EXTI_GetFlagStatus                       0x08001a8b   Thumb Code    22  stm32f4xx_exti.o(.text)
    EXTI_ClearFlag                           0x08001aa1   Thumb Code     8  stm32f4xx_exti.o(.text)
    EXTI_GetITStatus                         0x08001aa9   Thumb Code    22  stm32f4xx_exti.o(.text)
    EXTI_ClearITPendingBit                   0x08001abf   Thumb Code     8  stm32f4xx_exti.o(.text)
    ADC_DeInit                               0x08001ad1   Thumb Code    22  stm32f4xx_adc.o(.text)
    ADC_Init                                 0x08001ae7   Thumb Code    74  stm32f4xx_adc.o(.text)
    ADC_StructInit                           0x08001b31   Thumb Code    20  stm32f4xx_adc.o(.text)
    ADC_CommonInit                           0x08001b45   Thumb Code    34  stm32f4xx_adc.o(.text)
    ADC_CommonStructInit                     0x08001b67   Thumb Code    12  stm32f4xx_adc.o(.text)
    ADC_Cmd                                  0x08001b73   Thumb Code    22  stm32f4xx_adc.o(.text)
    ADC_AnalogWatchdogCmd                    0x08001b89   Thumb Code    16  stm32f4xx_adc.o(.text)
    ADC_AnalogWatchdogThresholdsConfig       0x08001b99   Thumb Code     6  stm32f4xx_adc.o(.text)
    ADC_AnalogWatchdogSingleChannelConfig    0x08001b9f   Thumb Code    16  stm32f4xx_adc.o(.text)
    ADC_TempSensorVrefintCmd                 0x08001baf   Thumb Code    34  stm32f4xx_adc.o(.text)
    ADC_VBATCmd                              0x08001bd1   Thumb Code    34  stm32f4xx_adc.o(.text)
    ADC_RegularChannelConfig                 0x08001bf3   Thumb Code   184  stm32f4xx_adc.o(.text)
    ADC_SoftwareStartConv                    0x08001cab   Thumb Code    10  stm32f4xx_adc.o(.text)
    ADC_GetSoftwareStartConvStatus           0x08001cb5   Thumb Code    20  stm32f4xx_adc.o(.text)
    ADC_EOCOnEachRegularChannelCmd           0x08001cc9   Thumb Code    22  stm32f4xx_adc.o(.text)
    ADC_ContinuousModeCmd                    0x08001cdf   Thumb Code    22  stm32f4xx_adc.o(.text)
    ADC_DiscModeChannelCountConfig           0x08001cf5   Thumb Code    24  stm32f4xx_adc.o(.text)
    ADC_DiscModeCmd                          0x08001d0d   Thumb Code    22  stm32f4xx_adc.o(.text)
    ADC_GetConversionValue                   0x08001d23   Thumb Code     8  stm32f4xx_adc.o(.text)
    ADC_GetMultiModeConversionValue          0x08001d2b   Thumb Code     8  stm32f4xx_adc.o(.text)
    ADC_DMACmd                               0x08001d33   Thumb Code    22  stm32f4xx_adc.o(.text)
    ADC_DMARequestAfterLastTransferCmd       0x08001d49   Thumb Code    22  stm32f4xx_adc.o(.text)
    ADC_MultiModeDMARequestAfterLastTransferCmd 0x08001d5f   Thumb Code    34  stm32f4xx_adc.o(.text)
    ADC_InjectedChannelConfig                0x08001d81   Thumb Code   130  stm32f4xx_adc.o(.text)
    ADC_InjectedSequencerLengthConfig        0x08001e03   Thumb Code    24  stm32f4xx_adc.o(.text)
    ADC_SetInjectedOffset                    0x08001e1b   Thumb Code    20  stm32f4xx_adc.o(.text)
    ADC_ExternalTrigInjectedConvConfig       0x08001e2f   Thumb Code    16  stm32f4xx_adc.o(.text)
    ADC_ExternalTrigInjectedConvEdgeConfig   0x08001e3f   Thumb Code    16  stm32f4xx_adc.o(.text)
    ADC_SoftwareStartInjectedConv            0x08001e4f   Thumb Code    10  stm32f4xx_adc.o(.text)
    ADC_GetSoftwareStartInjectedConvCmdStatus 0x08001e59   Thumb Code    20  stm32f4xx_adc.o(.text)
    ADC_AutoInjectedConvCmd                  0x08001e6d   Thumb Code    22  stm32f4xx_adc.o(.text)
    ADC_InjectedDiscModeCmd                  0x08001e83   Thumb Code    22  stm32f4xx_adc.o(.text)
    ADC_GetInjectedConversionValue           0x08001e99   Thumb Code    28  stm32f4xx_adc.o(.text)
    ADC_ITConfig                             0x08001eb5   Thumb Code    56  stm32f4xx_adc.o(.text)
    ADC_GetFlagStatus                        0x08001eed   Thumb Code    18  stm32f4xx_adc.o(.text)
    ADC_ClearFlag                            0x08001eff   Thumb Code     6  stm32f4xx_adc.o(.text)
    ADC_GetITStatus                          0x08001f05   Thumb Code    38  stm32f4xx_adc.o(.text)
    ADC_ClearITPendingBit                    0x08001f2b   Thumb Code    10  stm32f4xx_adc.o(.text)
    TIM_DeInit                               0x08001f35   Thumb Code   346  stm32f4xx_tim.o(.text)
    TIM_TimeBaseInit                         0x0800208f   Thumb Code   104  stm32f4xx_tim.o(.text)
    TIM_TimeBaseStructInit                   0x080020f7   Thumb Code    18  stm32f4xx_tim.o(.text)
    TIM_PrescalerConfig                      0x08002109   Thumb Code     6  stm32f4xx_tim.o(.text)
    TIM_CounterModeConfig                    0x0800210f   Thumb Code    18  stm32f4xx_tim.o(.text)
    TIM_SetCounter                           0x08002121   Thumb Code     4  stm32f4xx_tim.o(.text)
    TIM_SetAutoreload                        0x08002125   Thumb Code     4  stm32f4xx_tim.o(.text)
    TIM_GetCounter                           0x08002129   Thumb Code     6  stm32f4xx_tim.o(.text)
    TIM_GetPrescaler                         0x0800212f   Thumb Code     6  stm32f4xx_tim.o(.text)
    TIM_UpdateDisableConfig                  0x08002135   Thumb Code    24  stm32f4xx_tim.o(.text)
    TIM_UpdateRequestConfig                  0x0800214d   Thumb Code    24  stm32f4xx_tim.o(.text)
    TIM_ARRPreloadConfig                     0x08002165   Thumb Code    24  stm32f4xx_tim.o(.text)
    TIM_SelectOnePulseMode                   0x0800217d   Thumb Code    18  stm32f4xx_tim.o(.text)
    TIM_SetClockDivision                     0x0800218f   Thumb Code    18  stm32f4xx_tim.o(.text)
    TIM_Cmd                                  0x080021a1   Thumb Code    24  stm32f4xx_tim.o(.text)
    TIM_OC1Init                              0x080021b9   Thumb Code   114  stm32f4xx_tim.o(.text)
    TIM_OC2Init                              0x0800222b   Thumb Code   154  stm32f4xx_tim.o(.text)
    TIM_OC3Init                              0x080022c5   Thumb Code   204  stm32f4xx_tim.o(.text)
    TIM_OC4Init                              0x08002391   Thumb Code   112  stm32f4xx_tim.o(.text)
    TIM_OCStructInit                         0x08002401   Thumb Code    20  stm32f4xx_tim.o(.text)
    TIM_SelectOCxM                           0x08002415   Thumb Code    86  stm32f4xx_tim.o(.text)
    TIM_SetCompare1                          0x0800246b   Thumb Code     4  stm32f4xx_tim.o(.text)
    TIM_SetCompare2                          0x0800246f   Thumb Code     4  stm32f4xx_tim.o(.text)
    TIM_SetCompare3                          0x08002473   Thumb Code     4  stm32f4xx_tim.o(.text)
    TIM_SetCompare4                          0x08002477   Thumb Code     4  stm32f4xx_tim.o(.text)
    TIM_ForcedOC1Config                      0x0800247b   Thumb Code    18  stm32f4xx_tim.o(.text)
    TIM_ForcedOC2Config                      0x0800248d   Thumb Code    26  stm32f4xx_tim.o(.text)
    TIM_ForcedOC3Config                      0x080024a7   Thumb Code    18  stm32f4xx_tim.o(.text)
    TIM_ForcedOC4Config                      0x080024b9   Thumb Code    26  stm32f4xx_tim.o(.text)
    TIM_OC1PreloadConfig                     0x080024d3   Thumb Code    18  stm32f4xx_tim.o(.text)
    TIM_OC2PreloadConfig                     0x080024e5   Thumb Code    26  stm32f4xx_tim.o(.text)
    TIM_OC3PreloadConfig                     0x080024ff   Thumb Code    18  stm32f4xx_tim.o(.text)
    TIM_OC4PreloadConfig                     0x08002511   Thumb Code    26  stm32f4xx_tim.o(.text)
    TIM_OC1FastConfig                        0x0800252b   Thumb Code    18  stm32f4xx_tim.o(.text)
    TIM_OC2FastConfig                        0x0800253d   Thumb Code    26  stm32f4xx_tim.o(.text)
    TIM_OC3FastConfig                        0x08002557   Thumb Code    18  stm32f4xx_tim.o(.text)
    TIM_OC4FastConfig                        0x08002569   Thumb Code    26  stm32f4xx_tim.o(.text)
    TIM_ClearOC1Ref                          0x08002583   Thumb Code    18  stm32f4xx_tim.o(.text)
    TIM_ClearOC2Ref                          0x08002595   Thumb Code    24  stm32f4xx_tim.o(.text)
    TIM_ClearOC3Ref                          0x080025ad   Thumb Code    18  stm32f4xx_tim.o(.text)
    TIM_ClearOC4Ref                          0x080025bf   Thumb Code    24  stm32f4xx_tim.o(.text)
    TIM_OC1PolarityConfig                    0x080025d7   Thumb Code    18  stm32f4xx_tim.o(.text)
    TIM_OC1NPolarityConfig                   0x080025e9   Thumb Code    18  stm32f4xx_tim.o(.text)
    TIM_OC2PolarityConfig                    0x080025fb   Thumb Code    26  stm32f4xx_tim.o(.text)
    TIM_OC2NPolarityConfig                   0x08002615   Thumb Code    26  stm32f4xx_tim.o(.text)
    TIM_OC3PolarityConfig                    0x0800262f   Thumb Code    26  stm32f4xx_tim.o(.text)
    TIM_OC3NPolarityConfig                   0x08002649   Thumb Code    26  stm32f4xx_tim.o(.text)
    TIM_OC4PolarityConfig                    0x08002663   Thumb Code    26  stm32f4xx_tim.o(.text)
    TIM_CCxCmd                               0x0800267d   Thumb Code    30  stm32f4xx_tim.o(.text)
    TIM_CCxNCmd                              0x0800269b   Thumb Code    30  stm32f4xx_tim.o(.text)
    TIM_SetIC4Prescaler                      0x080026b9   Thumb Code    26  stm32f4xx_tim.o(.text)
    TIM_SetIC3Prescaler                      0x08002723   Thumb Code    18  stm32f4xx_tim.o(.text)
    TIM_SetIC2Prescaler                      0x0800277d   Thumb Code    26  stm32f4xx_tim.o(.text)
    TIM_SetIC1Prescaler                      0x080027f1   Thumb Code    18  stm32f4xx_tim.o(.text)
    TIM_ICInit                               0x0800283d   Thumb Code   110  stm32f4xx_tim.o(.text)
    TIM_ICStructInit                         0x080028ab   Thumb Code    18  stm32f4xx_tim.o(.text)
    TIM_PWMIConfig                           0x080028bd   Thumb Code   124  stm32f4xx_tim.o(.text)
    TIM_GetCapture1                          0x08002939   Thumb Code     6  stm32f4xx_tim.o(.text)
    TIM_GetCapture2                          0x0800293f   Thumb Code     6  stm32f4xx_tim.o(.text)
    TIM_GetCapture3                          0x08002945   Thumb Code     6  stm32f4xx_tim.o(.text)
    TIM_GetCapture4                          0x0800294b   Thumb Code     6  stm32f4xx_tim.o(.text)
    TIM_BDTRConfig                           0x08002951   Thumb Code    32  stm32f4xx_tim.o(.text)
    TIM_BDTRStructInit                       0x08002971   Thumb Code    18  stm32f4xx_tim.o(.text)
    TIM_CtrlPWMOutputs                       0x08002983   Thumb Code    30  stm32f4xx_tim.o(.text)
    TIM_SelectCOM                            0x080029a1   Thumb Code    24  stm32f4xx_tim.o(.text)
    TIM_CCPreloadControl                     0x080029b9   Thumb Code    24  stm32f4xx_tim.o(.text)
    TIM_ITConfig                             0x080029d1   Thumb Code    18  stm32f4xx_tim.o(.text)
    TIM_GenerateEvent                        0x080029e3   Thumb Code     4  stm32f4xx_tim.o(.text)
    TIM_GetFlagStatus                        0x080029e7   Thumb Code    18  stm32f4xx_tim.o(.text)
    TIM_ClearFlag                            0x080029f9   Thumb Code     6  stm32f4xx_tim.o(.text)
    TIM_GetITStatus                          0x080029ff   Thumb Code    34  stm32f4xx_tim.o(.text)
    TIM_ClearITPendingBit                    0x08002a21   Thumb Code     6  stm32f4xx_tim.o(.text)
    TIM_DMAConfig                            0x08002a27   Thumb Code    10  stm32f4xx_tim.o(.text)
    TIM_DMACmd                               0x08002a31   Thumb Code    18  stm32f4xx_tim.o(.text)
    TIM_SelectCCDMA                          0x08002a43   Thumb Code    24  stm32f4xx_tim.o(.text)
    TIM_InternalClockConfig                  0x08002a5b   Thumb Code    12  stm32f4xx_tim.o(.text)
    TIM_SelectInputTrigger                   0x08002a67   Thumb Code    18  stm32f4xx_tim.o(.text)
    TIM_ITRxExternalClockConfig              0x08002a79   Thumb Code    24  stm32f4xx_tim.o(.text)
    TIM_TIxExternalClockConfig               0x08002a91   Thumb Code    62  stm32f4xx_tim.o(.text)
    TIM_ETRConfig                            0x08002acf   Thumb Code    28  stm32f4xx_tim.o(.text)
    TIM_ETRClockMode1Config                  0x08002aeb   Thumb Code    54  stm32f4xx_tim.o(.text)
    TIM_ETRClockMode2Config                  0x08002b21   Thumb Code    32  stm32f4xx_tim.o(.text)
    TIM_SelectOutputTrigger                  0x08002b41   Thumb Code    18  stm32f4xx_tim.o(.text)
    TIM_SelectSlaveMode                      0x08002b53   Thumb Code    18  stm32f4xx_tim.o(.text)
    TIM_SelectMasterSlaveMode                0x08002b65   Thumb Code    18  stm32f4xx_tim.o(.text)
    TIM_EncoderInterfaceConfig               0x08002b77   Thumb Code    66  stm32f4xx_tim.o(.text)
    TIM_SelectHallSensor                     0x08002bb9   Thumb Code    24  stm32f4xx_tim.o(.text)
    TIM_RemapConfig                          0x08002bd1   Thumb Code     6  stm32f4xx_tim.o(.text)
    OS_TaskStatStkChk                        0x08002bd9   Thumb Code    54  os_core.o(.text)
    OS_TaskStat                              0x08002c0f   Thumb Code   116  os_core.o(.text)
    OS_TaskIdle                              0x08002cb7   Thumb Code    34  os_core.o(.text)
    OS_MemClr                                0x08002d0d   Thumb Code    18  os_core.o(.text)
    OSInit                                   0x08002e2b   Thumb Code    44  os_core.o(.text)
    OSIntEnter                               0x08002e57   Thumb Code    28  os_core.o(.text)
    OSIntExit                                0x08002e8d   Thumb Code   112  os_core.o(.text)
    OSSchedLock                              0x08002efd   Thumb Code    50  os_core.o(.text)
    OS_Sched                                 0x08002f2f   Thumb Code    88  os_core.o(.text)
    OSSchedUnlock                            0x08002f87   Thumb Code   238  os_core.o(.text)
    OSStart                                  0x08003075   Thumb Code    48  os_core.o(.text)
    OSStatInit                               0x080030a5   Thumb Code    62  os_core.o(.text)
    OSTimeTick                               0x080030e3   Thumb Code   210  os_core.o(.text)
    OSVersion                                0x080031b5   Thumb Code     6  os_core.o(.text)
    OS_Dummy                                 0x080031bb   Thumb Code     2  os_core.o(.text)
    OS_EventTaskRemove                       0x080031bd   Thumb Code    42  os_core.o(.text)
    OS_EventTaskRdy                          0x080031e7   Thumb Code   114  os_core.o(.text)
    OS_EventTaskWait                         0x08003259   Thumb Code   112  os_core.o(.text)
    OS_EventWaitListInit                     0x080032c9   Thumb Code    28  os_core.o(.text)
    OS_MemCopy                               0x080032e5   Thumb Code    20  os_core.o(.text)
    OS_StrLen                                0x080032f9   Thumb Code    20  os_core.o(.text)
    OS_TCBInit                               0x0800330d   Thumb Code   280  os_core.o(.text)
    OSFlagAccept                             0x08003469   Thumb Code   252  os_flag.o(.text)
    OSFlagCreate                             0x08003565   Thumb Code    86  os_flag.o(.text)
    OS_FlagUnlink                            0x080035bb   Thumb Code    36  os_flag.o(.text)
    OSFlagDel                                0x08003631   Thumb Code   214  os_flag.o(.text)
    OSFlagNameGet                            0x08003707   Thumb Code    80  os_flag.o(.text)
    OSFlagNameSet                            0x08003757   Thumb Code    66  os_flag.o(.text)
    OSFlagPend                               0x08003831   Thumb Code   614  os_flag.o(.text)
    OSFlagPendGetFlagsRdy                    0x08003a97   Thumb Code    26  os_flag.o(.text)
    OSFlagPost                               0x08003ab1   Thumb Code   312  os_flag.o(.text)
    OSFlagQuery                              0x08003be9   Thumb Code    48  os_flag.o(.text)
    OS_FlagInit                              0x08003c19   Thumb Code    78  os_flag.o(.text)
    OSQAccept                                0x08003c75   Thumb Code    88  os_q.o(.text)
    OSQCreate                                0x08003ccd   Thumb Code   140  os_q.o(.text)
    OSQDel                                   0x08003d59   Thumb Code   236  os_q.o(.text)
    OSQFlush                                 0x08003e45   Thumb Code    36  os_q.o(.text)
    OSQPend                                  0x08003e69   Thumb Code   272  os_q.o(.text)
    OSQPendAbort                             0x08003f79   Thumb Code   128  os_q.o(.text)
    OSQPost                                  0x08003ff9   Thumb Code   114  os_q.o(.text)
    OSQPostFront                             0x0800406b   Thumb Code   136  os_q.o(.text)
    OSQPostOpt                               0x080040f3   Thumb Code   182  os_q.o(.text)
    OSQQuery                                 0x080041a9   Thumb Code    98  os_q.o(.text)
    OS_QInit                                 0x0800420b   Thumb Code    72  os_q.o(.text)
    OSSemAccept                              0x0800425d   Thumb Code    42  os_sem.o(.text)
    OSSemCreate                              0x08004287   Thumb Code    68  os_sem.o(.text)
    OSSemDel                                 0x080042cb   Thumb Code   200  os_sem.o(.text)
    OSSemPend                                0x08004393   Thumb Code   222  os_sem.o(.text)
    OSSemPendAbort                           0x08004471   Thumb Code   128  os_sem.o(.text)
    OSSemPost                                0x080044f1   Thumb Code    88  os_sem.o(.text)
    OSSemQuery                               0x08004549   Thumb Code    76  os_sem.o(.text)
    OSSemSet                                 0x08004595   Thumb Code    66  os_sem.o(.text)
    OSTaskChangePrio                         0x080045e9   Thumb Code   308  os_task.o(.text)
    OSTaskCreate                             0x0800471d   Thumb Code   148  os_task.o(.text)
    OS_TaskStkClr                            0x080047b1   Thumb Code    26  os_task.o(.text)
    OSTaskCreateExt                          0x080047cb   Thumb Code   170  os_task.o(.text)
    OSTaskDel                                0x08004875   Thumb Code   294  os_task.o(.text)
    OSTaskDelReq                             0x0800499b   Thumb Code   144  os_task.o(.text)
    OSTaskNameGet                            0x08004a2b   Thumb Code   114  os_task.o(.text)
    OSTaskNameSet                            0x08004a9d   Thumb Code    98  os_task.o(.text)
    OSTaskResume                             0x08004aff   Thumb Code   154  os_task.o(.text)
    OSTaskStkChk                             0x08004b99   Thumb Code   132  os_task.o(.text)
    OSTaskSuspend                            0x08004c1d   Thumb Code   152  os_task.o(.text)
    OSTaskQuery                              0x08004cb5   Thumb Code    82  os_task.o(.text)
    OSTaskRegGet                             0x08004d07   Thumb Code    60  os_task.o(.text)
    OSTaskRegSet                             0x08004d43   Thumb Code    62  os_task.o(.text)
    OS_TaskReturn                            0x08004d81   Thumb Code    18  os_task.o(.text)
    OSTimeDly                                0x08004dad   Thumb Code   100  os_time.o(.text)
    OSTimeDlyHMSM                            0x08004e11   Thumb Code    86  os_time.o(.text)
    OSTimeDlyResume                          0x08004e67   Thumb Code   168  os_time.o(.text)
    OSTimeGet                                0x08004f0f   Thumb Code    24  os_time.o(.text)
    OSTimeSet                                0x08004f27   Thumb Code    24  os_time.o(.text)
    OSInitHookBegin                          0x08004f5d   Thumb Code     2  os_cpu_c.o(.text)
    OSInitHookEnd                            0x08004f5f   Thumb Code     2  os_cpu_c.o(.text)
    OSTaskCreateHook                         0x08004f61   Thumb Code     2  os_cpu_c.o(.text)
    OSTaskDelHook                            0x08004f63   Thumb Code     2  os_cpu_c.o(.text)
    OSTaskIdleHook                           0x08004f65   Thumb Code     2  os_cpu_c.o(.text)
    OSTaskStatHook                           0x08004f67   Thumb Code     2  os_cpu_c.o(.text)
    OSTaskStkInit                            0x08004f69   Thumb Code   426  os_cpu_c.o(.text)
    OSTaskSwHook                             0x08005113   Thumb Code     2  os_cpu_c.o(.text)
    OSTCBInitHook                            0x08005115   Thumb Code     2  os_cpu_c.o(.text)
    OSTimeTickHook                           0x08005117   Thumb Code     2  os_cpu_c.o(.text)
    OSTaskReturnHook                         0x08005119   Thumb Code     2  os_cpu_c.o(.text)
    OS_CPU_SR_Save                           0x08005121   Thumb Code     0  os_cpu_a.o(.text)
    OS_CPU_SR_Restore                        0x08005129   Thumb Code     0  os_cpu_a.o(.text)
    OSStartHighRdy                           0x0800512f   Thumb Code     0  os_cpu_a.o(.text)
    OSCtxSw                                  0x08005153   Thumb Code     0  os_cpu_a.o(.text)
    OSIntCtxSw                               0x08005161   Thumb Code     0  os_cpu_a.o(.text)
    PendSV_Handler                           0x08005171   Thumb Code     0  os_cpu_a.o(.text)
    __use_no_semihosting                     0x080051e9   Thumb Code     2  use_no_semi_2.o(.text)
    __use_two_region_memory                  0x080051eb   Thumb Code     2  heapauxi.o(.text)
    __rt_heap_escrow$2region                 0x080051ed   Thumb Code     2  heapauxi.o(.text)
    __rt_heap_expand$2region                 0x080051ef   Thumb Code     2  heapauxi.o(.text)
    __I$use$semihosting                      0x080051f1   Thumb Code     0  use_no_semi.o(.text)
    __use_no_semihosting_swi                 0x080051f1   Thumb Code     2  use_no_semi.o(.text)
    __user_setup_stackheap                   0x080051f3   Thumb Code    74  sys_stackheap_outer.o(.text)
    exit                                     0x0800523d   Thumb Code    18  exit.o(.text)
    __user_libspace                          0x08005251   Thumb Code     8  libspace.o(.text)
    __user_perproc_libspace                  0x08005251   Thumb Code     0  libspace.o(.text)
    __user_perthread_libspace                0x08005251   Thumb Code     0  libspace.o(.text)
    _fp_init                                 0x08005259   Thumb Code    10  fpinit.o(x$fpl$fpinit)
    __fplib_config_fpu_vfp                   0x08005261   Thumb Code     0  fpinit.o(x$fpl$fpinit)
    __fplib_config_pureend_doubles           0x08005261   Thumb Code     0  fpinit.o(x$fpl$fpinit)
    OSUnMapTbl                               0x08005262   Data         256  os_core.o(.constdata)
    Region$$Table$$Base                      0x08005364   Number         0  anon$$obj.o(Region$$Table)
    Region$$Table$$Limit                     0x08005384   Number         0  anon$$obj.o(Region$$Table)
    TSem                                     0x20000004   Data           4  main.o(.data)
    PSem                                     0x20000008   Data           4  main.o(.data)
    adc_value                                0x2000000c   Data           2  main.o(.data)
    SystemCoreClock                          0x20000010   Data           4  system_stm32f4xx.o(.data)
    AHBPrescTable                            0x20000014   Data          16  system_stm32f4xx.o(.data)
    __stdout                                 0x20000028   Data           4  usart.o(.data)
    USART_RX_STA                             0x2000002c   Data           2  usart.o(.data)
    OSCtxSwCtr                               0x20000040   Data           4  os_core.o(.data)
    OSEventFreeList                          0x20000044   Data           4  os_core.o(.data)
    OSFlagFreeList                           0x20000048   Data           4  os_core.o(.data)
    OSCPUUsage                               0x2000004c   Data           1  os_core.o(.data)
    OSIdleCtrMax                             0x20000050   Data           4  os_core.o(.data)
    OSIdleCtrRun                             0x20000054   Data           4  os_core.o(.data)
    OSStatRdy                                0x20000058   Data           1  os_core.o(.data)
    OSIntNesting                             0x20000059   Data           1  os_core.o(.data)
    OSLockNesting                            0x2000005a   Data           1  os_core.o(.data)
    OSPrioCur                                0x2000005b   Data           1  os_core.o(.data)
    OSPrioHighRdy                            0x2000005c   Data           1  os_core.o(.data)
    OSRdyGrp                                 0x2000005d   Data           1  os_core.o(.data)
    OSRdyTbl                                 0x2000005e   Data           8  os_core.o(.data)
    OSRunning                                0x20000066   Data           1  os_core.o(.data)
    OSTaskCtr                                0x20000067   Data           1  os_core.o(.data)
    OSIdleCtr                                0x20000068   Data           4  os_core.o(.data)
    OSTCBCur                                 0x2000006c   Data           4  os_core.o(.data)
    OSTCBFreeList                            0x20000070   Data           4  os_core.o(.data)
    OSTCBHighRdy                             0x20000074   Data           4  os_core.o(.data)
    OSTCBList                                0x20000078   Data           4  os_core.o(.data)
    OSTickStepState                          0x2000007c   Data           1  os_core.o(.data)
    OSQFreeList                              0x20000080   Data           4  os_core.o(.data)
    OSTime                                   0x20000084   Data           4  os_core.o(.data)
    CollectTaskStk                           0x20000088   Data         512  main.o(.bss)
    ProcessTaskStk                           0x20000288   Data         512  main.o(.bss)
    CommTaskStk                              0x20000488   Data         512  main.o(.bss)
    USART_RX_BUF                             0x20000688   Data         200  usart.o(.bss)
    OSEventTbl                               0x20000750   Data         200  os_core.o(.bss)
    OSFlagTbl                                0x20000818   Data          80  os_core.o(.bss)
    OSTaskStatStk                            0x20000868   Data         512  os_core.o(.bss)
    OSTaskIdleStk                            0x20000a68   Data         512  os_core.o(.bss)
    OSTCBPrioTbl                             0x20000c68   Data         256  os_core.o(.bss)
    OSTCBTbl                                 0x20000d68   Data        1008  os_core.o(.bss)
    OSQTbl                                   0x20001158   Data         120  os_core.o(.bss)
    __libspace_start                         0x200011d0   Data          96  libspace.o(.bss)
    __temporary_stack_top$libspace           0x20001230   Data           0  libspace.o(.bss)



==============================================================================

Memory Map of the image

  Image Entry point : 0x08000189

  Load Region LR_IROM1 (Base: 0x08000000, Size: 0x0000540c, Max: 0x00100000, ABSOLUTE)

    Execution Region ER_IROM1 (Exec base: 0x08000000, Load base: 0x08000000, Size: 0x00005384, Max: 0x00100000, ABSOLUTE)

    Exec Addr    Load Addr    Size         Type   Attr      Idx    E Section Name        Object

    0x08000000   0x08000000   0x00000188   Data   RO          450    RESET               startup_stm32f40_41xxx.o
    0x08000188   0x08000188   0x00000008   Code   RO          872  * !!!main             c_w.l(__main.o)
    0x08000190   0x08000190   0x00000034   Code   RO         1029    !!!scatter          c_w.l(__scatter.o)
    0x080001c4   0x080001c4   0x0000001a   Code   RO         1031    !!handler_copy      c_w.l(__scatter_copy.o)
    0x080001de   0x080001de   0x00000002   PAD
    0x080001e0   0x080001e0   0x0000001c   Code   RO         1033    !!handler_zi        c_w.l(__scatter_zi.o)
    0x080001fc   0x080001fc   0x00000002   Code   RO          901    .ARM.Collect$$libinit$$00000000  c_w.l(libinit.o)
    0x080001fe   0x080001fe   0x00000004   Code   RO          907    .ARM.Collect$$libinit$$00000001  c_w.l(libinit2.o)
    0x08000202   0x08000202   0x00000000   Code   RO          910    .ARM.Collect$$libinit$$00000004  c_w.l(libinit2.o)
    0x08000202   0x08000202   0x00000000   Code   RO          913    .ARM.Collect$$libinit$$0000000A  c_w.l(libinit2.o)
    0x08000202   0x08000202   0x00000000   Code   RO          915    .ARM.Collect$$libinit$$0000000C  c_w.l(libinit2.o)
    0x08000202   0x08000202   0x00000000   Code   RO          917    .ARM.Collect$$libinit$$0000000E  c_w.l(libinit2.o)
    0x08000202   0x08000202   0x00000000   Code   RO          920    .ARM.Collect$$libinit$$00000011  c_w.l(libinit2.o)
    0x08000202   0x08000202   0x00000000   Code   RO          922    .ARM.Collect$$libinit$$00000013  c_w.l(libinit2.o)
    0x08000202   0x08000202   0x00000000   Code   RO          924    .ARM.Collect$$libinit$$00000015  c_w.l(libinit2.o)
    0x08000202   0x08000202   0x00000000   Code   RO          926    .ARM.Collect$$libinit$$00000017  c_w.l(libinit2.o)
    0x08000202   0x08000202   0x00000000   Code   RO          928    .ARM.Collect$$libinit$$00000019  c_w.l(libinit2.o)
    0x08000202   0x08000202   0x00000000   Code   RO          930    .ARM.Collect$$libinit$$0000001B  c_w.l(libinit2.o)
    0x08000202   0x08000202   0x00000000   Code   RO          932    .ARM.Collect$$libinit$$0000001D  c_w.l(libinit2.o)
    0x08000202   0x08000202   0x00000000   Code   RO          934    .ARM.Collect$$libinit$$0000001F  c_w.l(libinit2.o)
    0x08000202   0x08000202   0x00000000   Code   RO          936    .ARM.Collect$$libinit$$00000021  c_w.l(libinit2.o)
    0x08000202   0x08000202   0x00000000   Code   RO          938    .ARM.Collect$$libinit$$00000023  c_w.l(libinit2.o)
    0x08000202   0x08000202   0x00000000   Code   RO          940    .ARM.Collect$$libinit$$00000025  c_w.l(libinit2.o)
    0x08000202   0x08000202   0x00000000   Code   RO          944    .ARM.Collect$$libinit$$0000002C  c_w.l(libinit2.o)
    0x08000202   0x08000202   0x00000000   Code   RO          946    .ARM.Collect$$libinit$$0000002E  c_w.l(libinit2.o)
    0x08000202   0x08000202   0x00000000   Code   RO          948    .ARM.Collect$$libinit$$00000030  c_w.l(libinit2.o)
    0x08000202   0x08000202   0x00000000   Code   RO          950    .ARM.Collect$$libinit$$00000032  c_w.l(libinit2.o)
    0x08000202   0x08000202   0x00000002   Code   RO          951    .ARM.Collect$$libinit$$00000033  c_w.l(libinit2.o)
    0x08000204   0x08000204   0x00000002   Code   RO          969    .ARM.Collect$$libshutdown$$00000000  c_w.l(libshutdown.o)
    0x08000206   0x08000206   0x00000000   Code   RO          979    .ARM.Collect$$libshutdown$$00000002  c_w.l(libshutdown2.o)
    0x08000206   0x08000206   0x00000000   Code   RO          981    .ARM.Collect$$libshutdown$$00000004  c_w.l(libshutdown2.o)
    0x08000206   0x08000206   0x00000000   Code   RO          983    .ARM.Collect$$libshutdown$$00000006  c_w.l(libshutdown2.o)
    0x08000206   0x08000206   0x00000000   Code   RO          986    .ARM.Collect$$libshutdown$$00000009  c_w.l(libshutdown2.o)
    0x08000206   0x08000206   0x00000000   Code   RO          989    .ARM.Collect$$libshutdown$$0000000C  c_w.l(libshutdown2.o)
    0x08000206   0x08000206   0x00000000   Code   RO          991    .ARM.Collect$$libshutdown$$0000000E  c_w.l(libshutdown2.o)
    0x08000206   0x08000206   0x00000000   Code   RO          994    .ARM.Collect$$libshutdown$$00000011  c_w.l(libshutdown2.o)
    0x08000206   0x08000206   0x00000002   Code   RO          995    .ARM.Collect$$libshutdown$$00000012  c_w.l(libshutdown2.o)
    0x08000208   0x08000208   0x00000000   Code   RO          876    .ARM.Collect$$rtentry$$00000000  c_w.l(__rtentry.o)
    0x08000208   0x08000208   0x00000000   Code   RO          878    .ARM.Collect$$rtentry$$00000002  c_w.l(__rtentry2.o)
    0x08000208   0x08000208   0x00000006   Code   RO          890    .ARM.Collect$$rtentry$$00000004  c_w.l(__rtentry4.o)
    0x0800020e   0x0800020e   0x00000000   Code   RO          880    .ARM.Collect$$rtentry$$00000009  c_w.l(__rtentry2.o)
    0x0800020e   0x0800020e   0x00000004   Code   RO          881    .ARM.Collect$$rtentry$$0000000A  c_w.l(__rtentry2.o)
    0x08000212   0x08000212   0x00000000   Code   RO          883    .ARM.Collect$$rtentry$$0000000C  c_w.l(__rtentry2.o)
    0x08000212   0x08000212   0x00000008   Code   RO          884    .ARM.Collect$$rtentry$$0000000D  c_w.l(__rtentry2.o)
    0x0800021a   0x0800021a   0x00000002   Code   RO          905    .ARM.Collect$$rtexit$$00000000  c_w.l(rtexit.o)
    0x0800021c   0x0800021c   0x00000000   Code   RO          953    .ARM.Collect$$rtexit$$00000002  c_w.l(rtexit2.o)
    0x0800021c   0x0800021c   0x00000004   Code   RO          954    .ARM.Collect$$rtexit$$00000003  c_w.l(rtexit2.o)
    0x08000220   0x08000220   0x00000006   Code   RO          955    .ARM.Collect$$rtexit$$00000004  c_w.l(rtexit2.o)
    0x08000226   0x08000226   0x00000002   PAD
    0x08000228   0x08000228   0x000001f0   Code   RO            3    .text               main.o
    0x08000418   0x08000418   0x00000016   Code   RO          190    .text               stm32f4xx_it.o
    0x0800042e   0x0800042e   0x00000002   PAD
    0x08000430   0x08000430   0x00000210   Code   RO          213    .text               system_stm32f4xx.o
    0x08000640   0x08000640   0x0000007c   Code   RO          239    .text               exti.o
    0x080006bc   0x080006bc   0x00000030   Code   RO          299    .text               key.o
    0x080006ec   0x080006ec   0x00000080   Code   RO          319    .text               timer.o
    0x0800076c   0x0800076c   0x000000e0   Code   RO          339    .text               adc.o
    0x0800084c   0x0800084c   0x00000128   Code   RO          379    .text               delay.o
    0x08000974   0x08000974   0x00000154   Code   RO          419    .text               usart.o
    0x08000ac8   0x08000ac8   0x00000040   Code   RO          451    .text               startup_stm32f40_41xxx.o
    0x08000b08   0x08000b08   0x000000e0   Code   RO          457    .text               misc.o
    0x08000be8   0x08000be8   0x00000294   Code   RO          477    .text               stm32f4xx_gpio.o
    0x08000e7c   0x08000e7c   0x0000065c   Code   RO          497    .text               stm32f4xx_rcc.o
    0x080014d8   0x080014d8   0x00000094   Code   RO          519    .text               stm32f4xx_syscfg.o
    0x0800156c   0x0800156c   0x00000454   Code   RO          539    .text               stm32f4xx_usart.o
    0x080019c0   0x080019c0   0x00000110   Code   RO          559    .text               stm32f4xx_exti.o
    0x08001ad0   0x08001ad0   0x00000464   Code   RO          579    .text               stm32f4xx_adc.o
    0x08001f34   0x08001f34   0x00000ca2   Code   RO          599    .text               stm32f4xx_tim.o
    0x08002bd6   0x08002bd6   0x00000002   PAD
    0x08002bd8   0x08002bd8   0x00000890   Code   RO          639    .text               os_core.o
    0x08003468   0x08003468   0x0000080c   Code   RO          667    .text               os_flag.o
    0x08003c74   0x08003c74   0x000005e8   Code   RO          741    .text               os_q.o
    0x0800425c   0x0800425c   0x0000038c   Code   RO          761    .text               os_sem.o
    0x080045e8   0x080045e8   0x000007c4   Code   RO          781    .text               os_task.o
    0x08004dac   0x08004dac   0x000001b0   Code   RO          801    .text               os_time.o
    0x08004f5c   0x08004f5c   0x000001c4   Code   RO          835    .text               os_cpu_c.o
    0x08005120   0x08005120   0x000000c8   Code   RO          863    .text               os_cpu_a.o
    0x080051e8   0x080051e8   0x00000002   Code   RO          868    .text               c_w.l(use_no_semi_2.o)
    0x080051ea   0x080051ea   0x00000006   Code   RO          870    .text               c_w.l(heapauxi.o)
    0x080051f0   0x080051f0   0x00000002   Code   RO          874    .text               c_w.l(use_no_semi.o)
    0x080051f2   0x080051f2   0x0000004a   Code   RO          892    .text               c_w.l(sys_stackheap_outer.o)
    0x0800523c   0x0800523c   0x00000012   Code   RO          894    .text               c_w.l(exit.o)
    0x0800524e   0x0800524e   0x00000002   PAD
    0x08005250   0x08005250   0x00000008   Code   RO          902    .text               c_w.l(libspace.o)
    0x08005258   0x08005258   0x0000000a   Code   RO          961    x$fpl$fpinit        fz_wm.l(fpinit.o)
    0x08005262   0x08005262   0x00000100   Data   RO          641    .constdata          os_core.o
    0x08005362   0x08005362   0x00000002   PAD
    0x08005364   0x08005364   0x00000020   Data   RO         1027    Region$$Table       anon$$obj.o


    Execution Region RW_IRAM1 (Exec base: 0x20000000, Load base: 0x08005384, Size: 0x00001830, Max: 0x00020000, ABSOLUTE)

    Exec Addr    Load Addr    Size         Type   Attr      Idx    E Section Name        Object

    0x20000000   0x08005384   0x0000000e   Data   RW            5    .data               main.o
    0x2000000e   0x08005392   0x00000002   PAD
    0x20000010   0x08005394   0x00000014   Data   RW          214    .data               system_stm32f4xx.o
    0x20000024   0x080053a8   0x00000004   Data   RW          380    .data               delay.o
    0x20000028   0x080053ac   0x00000006   Data   RW          421    .data               usart.o
    0x2000002e   0x080053b2   0x00000010   Data   RW          498    .data               stm32f4xx_rcc.o
    0x2000003e   0x080053c2   0x00000002   PAD
    0x20000040   0x080053c4   0x00000048   Data   RW          642    .data               os_core.o
    0x20000088        -       0x00000600   Zero   RW            4    .bss                main.o
    0x20000688        -       0x000000c8   Zero   RW          420    .bss                usart.o
    0x20000750        -       0x00000a80   Zero   RW          640    .bss                os_core.o
    0x200011d0        -       0x00000060   Zero   RW          903    .bss                c_w.l(libspace.o)
    0x20001230        -       0x00000200   Zero   RW          449    HEAP                startup_stm32f40_41xxx.o
    0x20001430        -       0x00000400   Zero   RW          448    STACK               startup_stm32f40_41xxx.o


==============================================================================

Image component sizes


      Code (inc. data)   RO Data    RW Data    ZI Data      Debug   Object Name

       224         10          0          0          0       1211   adc.o
       296         18          0          4          0       1929   delay.o
       124          6          0          0          0     246234   exti.o
        48          6          0          0          0        559   key.o
       496         88          0         14       1536     291774   main.o
       224         20          0          0          0       1901   misc.o
      2192        218        256         72       2688      15427   os_core.o
       200         32          0          0          0        360   os_cpu_a.o
       452          6          0          0          0      10802   os_cpu_c.o
      2060         42          0          0          0       7304   os_flag.o
      1512         30          0          0          0       5869   os_q.o
       908         18          0          0          0       4142   os_sem.o
      1988         70          0          0          0       7989   os_task.o
       432         30          0          0          0       1922   os_time.o
        64         26        392          0       1536        872   startup_stm32f40_41xxx.o
      1124         24          0          0          0      10774   stm32f4xx_adc.o
       272         10          0          0          0       2371   stm32f4xx_exti.o
       660         44          0          0          0       4241   stm32f4xx_gpio.o
        22          0          0          0          0       1075   stm32f4xx_it.o
      1628         52          0         16          0      13160   stm32f4xx_rcc.o
       148         12          0          0          0       1885   stm32f4xx_syscfg.o
      3234         60          0          0          0      23100   stm32f4xx_tim.o
      1108         34          0          0          0       7968   stm32f4xx_usart.o
       528         46          0         20          0       1903   system_stm32f4xx.o
       128          8          0          0          0        868   timer.o
       340         18          0          6        200       3478   usart.o

    ----------------------------------------------------------------------
     20416        928        682        136       5960     669118   Object Totals
         0          0         32          0          0          0   (incl. Generated)
         4          0          2          4          0          0   (incl. Padding)

    ----------------------------------------------------------------------

      Code (inc. data)   RO Data    RW Data    ZI Data      Debug   Library Member Name

         8          0          0          0          0         68   __main.o
         0          0          0          0          0          0   __rtentry.o
        12          0          0          0          0          0   __rtentry2.o
         6          0          0          0          0          0   __rtentry4.o
        52          8          0          0          0          0   __scatter.o
        26          0          0          0          0          0   __scatter_copy.o
        28          0          0          0          0          0   __scatter_zi.o
        18          0          0          0          0         80   exit.o
         6          0          0          0          0        152   heapauxi.o
         2          0          0          0          0          0   libinit.o
         6          0          0          0          0          0   libinit2.o
         2          0          0          0          0          0   libshutdown.o
         2          0          0          0          0          0   libshutdown2.o
         8          4          0          0         96         68   libspace.o
         2          0          0          0          0          0   rtexit.o
        10          0          0          0          0          0   rtexit2.o
        74          0          0          0          0         80   sys_stackheap_outer.o
         2          0          0          0          0         68   use_no_semi.o
         2          0          0          0          0         68   use_no_semi_2.o
        10          0          0          0          0        116   fpinit.o

    ----------------------------------------------------------------------
       282         12          0          0         96        700   Library Totals
         6          0          0          0          0          0   (incl. Padding)

    ----------------------------------------------------------------------

      Code (inc. data)   RO Data    RW Data    ZI Data      Debug   Library Name

       266         12          0          0         96        584   c_w.l
        10          0          0          0          0        116   fz_wm.l

    ----------------------------------------------------------------------
       282         12          0          0         96        700   Library Totals

    ----------------------------------------------------------------------

==============================================================================


      Code (inc. data)   RO Data    RW Data    ZI Data      Debug   

     20698        940        682        136       6056     664562   Grand Totals
     20698        940        682        136       6056     664562   ELF Image Totals
     20698        940        682        136          0          0   ROM Totals

==============================================================================

    Total RO  Size (Code + RO Data)                21380 (  20.88kB)
    Total RW  Size (RW Data + ZI Data)              6192 (   6.05kB)
    Total ROM Size (Code + RO Data + RW Data)      21516 (  21.01kB)

==============================================================================

